Archive member included to satisfy reference by file (symbol)

d:/clion_install/gcc/10 2021.10/bin/../lib/gcc/arm-none-eabi/10.3.1/thumb/v7e-m/nofp\libgcc.a(_arm_muldf3.o)
                              CMakeFiles/demo1.elf.dir/Drivers/MPU6050/eMPL/inv_mpu.c.obj (__aeabi_dmul)
d:/clion_install/gcc/10 2021.10/bin/../lib/gcc/arm-none-eabi/10.3.1/thumb/v7e-m/nofp\libgcc.a(_arm_mulsf3.o)
                              CMakeFiles/demo1.elf.dir/Drivers/MPU6050/eMPL/inv_mpu.c.obj (__aeabi_fmul)
d:/clion_install/gcc/10 2021.10/bin/../lib/gcc/arm-none-eabi/10.3.1/thumb/v7e-m/nofp\libgcc.a(_arm_addsubdf3.o)
                              CMakeFiles/demo1.elf.dir/Drivers/MPU6050/mpu6050.c.obj (__aeabi_dadd)
d:/clion_install/gcc/10 2021.10/bin/../lib/gcc/arm-none-eabi/10.3.1/thumb/v7e-m/nofp\libgcc.a(_arm_muldivdf3.o)
                              CMakeFiles/demo1.elf.dir/Drivers/MPU6050/mpu6050.c.obj (__aeabi_ddiv)
d:/clion_install/gcc/10 2021.10/bin/../lib/gcc/arm-none-eabi/10.3.1/thumb/v7e-m/nofp\libgcc.a(_arm_truncdfsf2.o)
                              CMakeFiles/demo1.elf.dir/Drivers/MPU6050/eMPL/inv_mpu.c.obj (__aeabi_d2f)
d:/clion_install/gcc/10 2021.10/bin/../lib/gcc/arm-none-eabi/10.3.1/thumb/v7e-m/nofp\libgcc.a(_arm_addsubsf3.o)
                              CMakeFiles/demo1.elf.dir/Drivers/MPU6050/eMPL/inv_mpu.c.obj (__aeabi_fsub)
d:/clion_install/gcc/10 2021.10/bin/../lib/gcc/arm-none-eabi/10.3.1/thumb/v7e-m/nofp\libgcc.a(_arm_muldivsf3.o)
                              CMakeFiles/demo1.elf.dir/Drivers/MPU6050/eMPL/inv_mpu.c.obj (__aeabi_fdiv)
d:/clion_install/gcc/10 2021.10/bin/../lib/gcc/arm-none-eabi/10.3.1/thumb/v7e-m/nofp\libgcc.a(_arm_cmpsf2.o)
                              CMakeFiles/demo1.elf.dir/Drivers/MPU6050/eMPL/inv_mpu.c.obj (__aeabi_fcmpeq)
d:/clion_install/gcc/10 2021.10/bin/../lib/gcc/arm-none-eabi/10.3.1/thumb/v7e-m/nofp\libgcc.a(_arm_fixsfsi.o)
                              CMakeFiles/demo1.elf.dir/Drivers/MPU6050/eMPL/inv_mpu.c.obj (__aeabi_f2iz)
d:/clion_install/gcc/10 2021.10/bin/../lib/gcc/arm-none-eabi/10.3.1/thumb/v7e-m/nofp\libgcc.a(_arm_fixunssfsi.o)
                              CMakeFiles/demo1.elf.dir/Drivers/MPU6050/eMPL/inv_mpu_dmp_motion_driver.c.obj (__aeabi_f2uiz)
d:/clion_install/gcc/10 2021.10/bin/../lib/gcc/arm-none-eabi/10.3.1/thumb/v7e-m/nofp\libgcc.a(_aeabi_ldivmod.o)
                              CMakeFiles/demo1.elf.dir/Drivers/MPU6050/eMPL/inv_mpu.c.obj (__aeabi_ldivmod)
d:/clion_install/gcc/10 2021.10/bin/../lib/gcc/arm-none-eabi/10.3.1/thumb/v7e-m/nofp\libgcc.a(_aeabi_uldivmod.o)
                              CMakeFiles/demo1.elf.dir/Drivers/STM32F4xx_HAL_Driver/Src/stm32f4xx_hal_rcc.c.obj (__aeabi_uldivmod)
d:/clion_install/gcc/10 2021.10/bin/../lib/gcc/arm-none-eabi/10.3.1/thumb/v7e-m/nofp\libgcc.a(_udivmoddi4.o)
                              d:/clion_install/gcc/10 2021.10/bin/../lib/gcc/arm-none-eabi/10.3.1/thumb/v7e-m/nofp\libgcc.a(_aeabi_ldivmod.o) (__udivmoddi4)
d:/clion_install/gcc/10 2021.10/bin/../lib/gcc/arm-none-eabi/10.3.1/thumb/v7e-m/nofp\libgcc.a(_dvmd_tls.o)
                              d:/clion_install/gcc/10 2021.10/bin/../lib/gcc/arm-none-eabi/10.3.1/thumb/v7e-m/nofp\libgcc.a(_aeabi_ldivmod.o) (__aeabi_ldiv0)
d:/clion_install/gcc/10 2021.10/bin/../lib/gcc/arm-none-eabi/10.3.1/../../../../arm-none-eabi/lib/thumb/v7e-m/nofp\libc.a(lib_a-errno.o)
                              CMakeFiles/demo1.elf.dir/Core/Src/syscalls.c.obj (__errno)
d:/clion_install/gcc/10 2021.10/bin/../lib/gcc/arm-none-eabi/10.3.1/../../../../arm-none-eabi/lib/thumb/v7e-m/nofp\libc.a(lib_a-exit.o)
                              d:/clion_install/gcc/10 2021.10/bin/../lib/gcc/arm-none-eabi/10.3.1/../../../../arm-none-eabi/lib/thumb/v7e-m/nofp/crt0.o (exit)
d:/clion_install/gcc/10 2021.10/bin/../lib/gcc/arm-none-eabi/10.3.1/../../../../arm-none-eabi/lib/thumb/v7e-m/nofp\libc.a(lib_a-impure.o)
                              d:/clion_install/gcc/10 2021.10/bin/../lib/gcc/arm-none-eabi/10.3.1/../../../../arm-none-eabi/lib/thumb/v7e-m/nofp\libc.a(lib_a-exit.o) (_global_impure_ptr)
d:/clion_install/gcc/10 2021.10/bin/../lib/gcc/arm-none-eabi/10.3.1/../../../../arm-none-eabi/lib/thumb/v7e-m/nofp\libc.a(lib_a-init.o)
                              d:/clion_install/gcc/10 2021.10/bin/../lib/gcc/arm-none-eabi/10.3.1/../../../../arm-none-eabi/lib/thumb/v7e-m/nofp/crt0.o (__libc_init_array)
d:/clion_install/gcc/10 2021.10/bin/../lib/gcc/arm-none-eabi/10.3.1/../../../../arm-none-eabi/lib/thumb/v7e-m/nofp\libc.a(lib_a-memcmp.o)
                              CMakeFiles/demo1.elf.dir/Drivers/MPU6050/eMPL/inv_mpu.c.obj (memcmp)
d:/clion_install/gcc/10 2021.10/bin/../lib/gcc/arm-none-eabi/10.3.1/../../../../arm-none-eabi/lib/thumb/v7e-m/nofp\libc.a(lib_a-memset.o)
                              d:/clion_install/gcc/10 2021.10/bin/../lib/gcc/arm-none-eabi/10.3.1/../../../../arm-none-eabi/lib/thumb/v7e-m/nofp/crt0.o (memset)
[...]
Memory Configuration

Name             Origin             Length             Attributes
CCMRAM           0x10000000         0x00010000         xrw
RAM              0x20000000         0x00020000         xrw
FLASH            0x08000000         0x00100000         xr
*default*        0x00000000         0xffffffff

Linker script and memory map

LOAD d:/clion_install/gcc/10 2021.10/bin/../lib/gcc/arm-none-eabi/10.3.1/thumb/v7e-m/nofp/crti.o
LOAD d:/clion_install/gcc/10 2021.10/bin/../lib/gcc/arm-none-eabi/10.3.1/thumb/v7e-m/nofp/crtbegin.o
LOAD d:/clion_install/gcc/10 2021.10/bin/../lib/gcc/arm-none-eabi/10.3.1/../../../../arm-none-eabi/lib/thumb/v7e-m/nofp/crt0.o
LOAD CMakeFiles/demo1.elf.dir/Core/Src/fsmc.c.obj
LOAD CMakeFiles/demo1.elf.dir/Core/Src/gpio.c.obj
LOAD CMakeFiles/demo1.elf.dir/Core/Src/i2c.c.obj
LOAD CMakeFiles/demo1.elf.dir/Core/Src/main.c.obj
LOAD CMakeFiles/demo1.elf.dir/Core/Src/stm32f4xx_hal_msp.c.obj
LOAD CMakeFiles/demo1.elf.dir/Core/Src/stm32f4xx_it.c.obj
LOAD CMakeFiles/demo1.elf.dir/Core/Src/syscalls.c.obj
LOAD CMakeFiles/demo1.elf.dir/Core/Src/sysmem.c.obj
LOAD CMakeFiles/demo1.elf.dir/Core/Src/system_stm32f4xx.c.obj
LOAD CMakeFiles/demo1.elf.dir/Core/Src/tim.c.obj
LOAD CMakeFiles/demo1.elf.dir/Core/Src/usart.c.obj
LOAD CMakeFiles/demo1.elf.dir/Core/Startup/startup_stm32f407zgtx.s.obj
LOAD CMakeFiles/demo1.elf.dir/Drivers/DHT11/dht11.c.obj
LOAD CMakeFiles/demo1.elf.dir/Drivers/FONT/font.c.obj
LOAD CMakeFiles/demo1.elf.dir/Drivers/KEY/key.c.obj
LOAD CMakeFiles/demo1.elf.dir/Drivers/LCD/lcd.c.obj
LOAD CMakeFiles/demo1.elf.dir/Drivers/LED/led.c.obj
LOAD CMakeFiles/demo1.elf.dir/Drivers/MPU6050/eMPL/inv_mpu.c.obj
LOAD CMakeFiles/demo1.elf.dir/Drivers/MPU6050/eMPL/inv_mpu_dmp_motion_driver.c.obj
LOAD CMakeFiles/demo1.elf.dir/Drivers/MPU6050/mpu6050.c.obj
LOAD CMakeFiles/demo1.elf.dir/Drivers/STM32F4xx_HAL_Driver/Src/stm32f4xx_hal.c.obj
LOAD CMakeFiles/demo1.elf.dir/Drivers/STM32F4xx_HAL_Driver/Src/stm32f4xx_hal_cortex.c.obj
LOAD CMakeFiles/demo1.elf.dir/Drivers/STM32F4xx_HAL_Driver/Src/stm32f4xx_hal_dma.c.obj
LOAD CMakeFiles/demo1.elf.dir/Drivers/STM32F4xx_HAL_Driver/Src/stm32f4xx_hal_dma_ex.c.obj
LOAD CMakeFiles/demo1.elf.dir/Drivers/STM32F4xx_HAL_Driver/Src/stm32f4xx_hal_exti.c.obj
LOAD CMakeFiles/demo1.elf.dir/Drivers/STM32F4xx_HAL_Driver/Src/stm32f4xx_hal_flash.c.obj
LOAD CMakeFiles/demo1.elf.dir/Drivers/STM32F4xx_HAL_Driver/Src/stm32f4xx_hal_flash_ex.c.obj
LOAD CMakeFiles/demo1.elf.dir/Drivers/STM32F4xx_HAL_Driver/Src/stm32f4xx_hal_flash_ramfunc.c.obj
LOAD CMakeFiles/demo1.elf.dir/Drivers/STM32F4xx_HAL_Driver/Src/stm32f4xx_hal_gpio.c.obj
LOAD CMakeFiles/demo1.elf.dir/Drivers/STM32F4xx_HAL_Driver/Src/stm32f4xx_hal_i2c.c.obj
LOAD CMakeFiles/demo1.elf.dir/Drivers/STM32F4xx_HAL_Driver/Src/stm32f4xx_hal_i2c_ex.c.obj
LOAD CMakeFiles/demo1.elf.dir/Drivers/STM32F4xx_HAL_Driver/Src/stm32f4xx_hal_pwr.c.obj
LOAD CMakeFiles/demo1.elf.dir/Drivers/STM32F4xx_HAL_Driver/Src/stm32f4xx_hal_pwr_ex.c.obj
LOAD CMakeFiles/demo1.elf.dir/Drivers/STM32F4xx_HAL_Driver/Src/stm32f4xx_hal_rcc.c.obj
LOAD CMakeFiles/demo1.elf.dir/Drivers/STM32F4xx_HAL_Driver/Src/stm32f4xx_hal_rcc_ex.c.obj
LOAD CMakeFiles/demo1.elf.dir/Drivers/STM32F4xx_HAL_Driver/Src/stm32f4xx_hal_sram.c.obj
LOAD CMakeFiles/demo1.elf.dir/Drivers/STM32F4xx_HAL_Driver/Src/stm32f4xx_hal_tim.c.obj
LOAD CMakeFiles/demo1.elf.dir/Drivers/STM32F4xx_HAL_Driver/Src/stm32f4xx_hal_tim_ex.c.obj
LOAD CMakeFiles/demo1.elf.dir/Drivers/STM32F4xx_HAL_Driver/Src/stm32f4xx_hal_uart.c.obj
LOAD CMakeFiles/demo1.elf.dir/Drivers/STM32F4xx_HAL_Driver/Src/stm32f4xx_ll_fsmc.c.obj
START GROUP
LOAD d:/clion_install/gcc/10 2021.10/bin/../lib/gcc/arm-none-eabi/10.3.1/thumb/v7e-m/nofp\libgcc.a
LOAD d:/clion_install/gcc/10 2021.10/bin/../lib/gcc/arm-none-eabi/10.3.1/../../../../arm-none-eabi/lib/thumb/v7e-m/nofp\libc.a
END GROUP
LOAD d:/clion_install/gcc/10 2021.10/bin/../lib/gcc/arm-none-eabi/10.3.1/thumb/v7e-m/nofp/crtend.o
LOAD d:/clion_install/gcc/10 2021.10/bin/../lib/gcc/arm-none-eabi/10.3.1/thumb/v7e-m/nofp/crtn.o
                0x20020000                _estack = (ORIGIN (RAM) + LENGTH (RAM))
                0x00000200                _Min_Heap_Size = 0x200
                0x00000400                _Min_Stack_Size = 0x400

.isr_vector     0x08000000      0x188
                0x08000000                . = ALIGN (0x4)
 *(.isr_vector)
 .isr_vector    0x08000000      0x188 CMakeFiles/demo1.elf.dir/Core/Startup/startup_stm32f407zgtx.s.obj
                0x08000000                g_pfnVectors
                0x08000188                . = ALIGN (0x4)

.text           0x080001c0    0x10f88
                0x080001c0                . = ALIGN (0x4)
 *(.text)
 .text          0x080001c0       0x40 d:/clion_install/gcc/10 2021.10/bin/../lib/gcc/arm-none-eabi/10.3.1/thumb/v7e-m/nofp/crtbegin.o
 .text          0x08000200      0x378 d:/clion_install/gcc/10 2021.10/bin/../lib/gcc/arm-none-eabi/10.3.1/thumb/v7e-m/nofp\libgcc.a(_arm_addsubdf3.o)
                0x08000200                __aeabi_drsub
                0x08000208                __aeabi_dsub
                0x08000208                __subdf3
                0x0800020c                __aeabi_dadd
                0x0800020c                __adddf3
                0x08000484                __floatunsidf
                0x08000484                __aeabi_ui2d
                0x080004a4                __floatsidf
                0x080004a4                __aeabi_i2d
                0x080004c8                __aeabi_f2d
                0x080004c8                __extendsfdf2
                0x0800050c                __floatundidf
                0x0800050c                __aeabi_ul2d
                0x0800051c                __floatdidf
                0x0800051c                __aeabi_l2d
 .text          0x08000578      0x424 d:/clion_install/gcc/10 2021.10/bin/../lib/gcc/arm-none-eabi/10.3.1/thumb/v7e-m/nofp\libgcc.a(_arm_muldivdf3.o)
                0x08000578                __aeabi_dmul
                0x08000578                __muldf3
                0x080007cc                __divdf3
                0x080007cc                __aeabi_ddiv
 .text          0x0800099c       0xa0 d:/clion_install/gcc/10 2021.10/bin/../lib/gcc/arm-none-eabi/10.3.1/thumb/v7e-m/nofp\libgcc.a(_arm_truncdfsf2.o)
                0x0800099c                __truncdfsf2
                0x0800099c                __aeabi_d2f
 .text          0x08000a3c      0x21c d:/clion_install/gcc/10 2021.10/bin/../lib/gcc/arm-none-eabi/10.3.1/thumb/v7e-m/nofp\libgcc.a(_arm_addsubsf3.o)
                0x08000a3c                __aeabi_frsub
                0x08000a44                __subsf3
                0x08000a44                __aeabi_fsub
                0x08000a48                __aeabi_fadd
                0x08000a48                __addsf3
                0x08000ba8                __aeabi_ui2f
                0x08000ba8                __floatunsisf
                0x08000bb0                __aeabi_i2f
                0x08000bb0                __floatsisf
                0x08000bcc                __aeabi_ul2f
                0x08000bcc                __floatundisf
                0x08000bdc                __aeabi_l2f
                0x08000bdc                __floatdisf
 .text          0x08000c58      0x2a0 d:/clion_install/gcc/10 2021.10/bin/../lib/gcc/arm-none-eabi/10.3.1/thumb/v7e-m/nofp\libgcc.a(_arm_muldivsf3.o)
                0x08000c58                __mulsf3
                0x08000c58                __aeabi_fmul
                0x08000dc0                __aeabi_fdiv
                0x08000dc0                __divsf3
 .text          0x08000ef8       0xec d:/clion_install/gcc/10 2021.10/bin/../lib/gcc/arm-none-eabi/10.3.1/thumb/v7e-m/nofp\libgcc.a(_arm_cmpsf2.o)
                0x08000ef8                __gesf2
                0x08000ef8                __gtsf2
                0x08000f00                __lesf2
                0x08000f00                __ltsf2
                0x08000f08                __nesf2
                0x08000f08                __eqsf2
                0x08000f08                __cmpsf2
                0x08000f68                __aeabi_cfrcmple
                0x08000f70                __aeabi_cfcmpeq
                0x08000f70                __aeabi_cfcmple
                0x08000f80                __aeabi_fcmpeq
                0x08000f94                __aeabi_fcmplt
                0x08000fa8                __aeabi_fcmple
                0x08000fbc                __aeabi_fcmpge
                0x08000fd0                __aeabi_fcmpgt
 .text          0x08000fe4       0x4c d:/clion_install/gcc/10 2021.10/bin/../lib/gcc/arm-none-eabi/10.3.1/thumb/v7e-m/nofp\libgcc.a(_arm_fixsfsi.o)
                0x08000fe4                __aeabi_f2iz
                0x08000fe4                __fixsfsi
 .text          0x08001030       0x40 d:/clion_install/gcc/10 2021.10/bin/../lib/gcc/arm-none-eabi/10.3.1/thumb/v7e-m/nofp\libgcc.a(_arm_fixunssfsi.o)
                0x08001030                __fixunssfsi
                0x08001030                __aeabi_f2uiz
 .text          0x08001070       0xa0 d:/clion_install/gcc/10 2021.10/bin/../lib/gcc/arm-none-eabi/10.3.1/thumb/v7e-m/nofp\libgcc.a(_aeabi_ldivmod.o)
                0x08001070                __aeabi_ldivmod
 .text          0x08001110       0x30 d:/clion_install/gcc/10 2021.10/bin/../lib/gcc/arm-none-eabi/10.3.1/thumb/v7e-m/nofp\libgcc.a(_aeabi_uldivmod.o)
                0x08001110                __aeabi_uldivmod
 .text          0x08001140      0x2d0 d:/clion_install/gcc/10 2021.10/bin/../lib/gcc/arm-none-eabi/10.3.1/thumb/v7e-m/nofp\libgcc.a(_udivmoddi4.o)
                0x08001140                __udivmoddi4
 .text          0x08001410        0x4 d:/clion_install/gcc/10 2021.10/bin/../lib/gcc/arm-none-eabi/10.3.1/thumb/v7e-m/nofp\libgcc.a(_dvmd_tls.o)
                0x08001410                __aeabi_idiv0
                0x08001410                __aeabi_ldiv0
 *fill*         0x08001414       0x2c 
 .text          0x08001440       0xdc d:/clion_install/gcc/10 2021.10/bin/../lib/gcc/arm-none-eabi/10.3.1/../../../../arm-none-eabi/lib/thumb/v7e-m/nofp\libc.a(lib_a-strlen.o)
                0x08001440                strlen
 *fill*         0x0800151c        0x4 
 .text          0x08001520       0xa0 d:/clion_install/gcc/10 2021.10/bin/../lib/gcc/arm-none-eabi/10.3.1/../../../../arm-none-eabi/lib/thumb/v7e-m/nofp\libc.a(lib_a-memchr.o)
                0x08001520                memchr
 .text          0x080015c0      0x134 d:/clion_install/gcc/10 2021.10/bin/../lib/gcc/arm-none-eabi/10.3.1/../../../../arm-none-eabi/lib/thumb/v7e-m/nofp\libc.a(lib_a-memcpy.o)
                0x080015c0                memcpy
 .text          0x080016f4      0x110 d:/clion_install/gcc/10 2021.10/bin/../lib/gcc/arm-none-eabi/10.3.1/thumb/v7e-m/nofp\libgcc.a(_arm_cmpdf2.o)
                0x080016f4                __gtdf2
                0x080016f4                __gedf2
                0x080016fc                __ltdf2
                0x080016fc                __ledf2
                0x08001704                __nedf2
                0x08001704                __eqdf2
                0x08001704                __cmpdf2
                0x08001780                __aeabi_cdrcmple
                0x08001790                __aeabi_cdcmpeq
                0x08001790                __aeabi_cdcmple
                0x080017a0                __aeabi_dcmpeq
                0x080017b4                __aeabi_dcmplt
                0x080017c8                __aeabi_dcmple
                0x080017dc                __aeabi_dcmpge
                0x080017f0                __aeabi_dcmpgt
 .text          0x08001804       0x2c d:/clion_install/gcc/10 2021.10/bin/../lib/gcc/arm-none-eabi/10.3.1/thumb/v7e-m/nofp\libgcc.a(_arm_unorddf2.o)
                0x08001804                __unorddf2
                0x08001804                __aeabi_dcmpun
 .text          0x08001830       0x50 d:/clion_install/gcc/10 2021.10/bin/../lib/gcc/arm-none-eabi/10.3.1/thumb/v7e-m/nofp\libgcc.a(_arm_fixdfsi.o)
                0x08001830                __aeabi_d2iz
                0x08001830                __fixdfsi
 *(.text*)
 .text.HAL_FSMC_MspInit
                0x08001880       0xa8 CMakeFiles/demo1.elf.dir/Core/Src/fsmc.c.obj
 .text.MX_FSMC_Init
                0x08001928       0x8c CMakeFiles/demo1.elf.dir/Core/Src/fsmc.c.obj
                0x08001928                MX_FSMC_Init
 .text.HAL_SRAM_MspInit
                0x080019b4        0x8 CMakeFiles/demo1.elf.dir/Core/Src/fsmc.c.obj
                0x080019b4                HAL_SRAM_MspInit
 .text.MX_GPIO_Init
                0x080019bc      0x118 CMakeFiles/demo1.elf.dir/Core/Src/gpio.c.obj
                0x080019bc                MX_GPIO_Init
 .text.MX_I2C1_Init
                0x08001ad4       0x3c CMakeFiles/demo1.elf.dir/Core/Src/i2c.c.obj
                0x08001ad4                MX_I2C1_Init
 .text.HAL_I2C_MspInit
                0x08001b10       0x70 CMakeFiles/demo1.elf.dir/Core/Src/i2c.c.obj
                0x08001b10                HAL_I2C_MspInit
 .text.__io_putchar
                0x08001b80       0x20 CMakeFiles/demo1.elf.dir/Core/Src/main.c.obj
                0x08001b80                __io_putchar
 .text.LCD_Test
                0x08001ba0       0xac CMakeFiles/demo1.elf.dir/Core/Src/main.c.obj
                0x08001ba0                LCD_Test
 .text.User_init
                0x08001c4c       0x14 CMakeFiles/demo1.elf.dir/Core/Src/main.c.obj
                0x08001c4c                User_init
 .text.Error_Handler
                0x08001c60        0x4 CMakeFiles/demo1.elf.dir/Core/Src/main.c.obj
                0x08001c60                Error_Handler
 .text.SystemClock_Config
                0x08001c64       0xa0 CMakeFiles/demo1.elf.dir/Core/Src/main.c.obj
                0x08001c64                SystemClock_Config
 .text.main     0x08001d04      0x3a0 CMakeFiles/demo1.elf.dir/Core/Src/main.c.obj
                0x08001d04                main
 .text.HAL_MspInit
                0x080020a4       0x38 CMakeFiles/demo1.elf.dir/Core/Src/stm32f4xx_hal_msp.c.obj
                0x080020a4                HAL_MspInit
 .text.NMI_Handler
                0x080020dc        0x2 CMakeFiles/demo1.elf.dir/Core/Src/stm32f4xx_it.c.obj
                0x080020dc                NMI_Handler
 .text.HardFault_Handler
                0x080020de        0x2 CMakeFiles/demo1.elf.dir/Core/Src/stm32f4xx_it.c.obj
                0x080020de                HardFault_Handler
 .text.MemManage_Handler
                0x080020e0        0x2 CMakeFiles/demo1.elf.dir/Core/Src/stm32f4xx_it.c.obj
                0x080020e0                MemManage_Handler
 .text.BusFault_Handler
                0x080020e2        0x2 CMakeFiles/demo1.elf.dir/Core/Src/stm32f4xx_it.c.obj
                0x080020e2                BusFault_Handler
 .text.UsageFault_Handler
                0x080020e4        0x2 CMakeFiles/demo1.elf.dir/Core/Src/stm32f4xx_it.c.obj
                0x080020e4                UsageFault_Handler
 .text.SVC_Handler
                0x080020e6        0x2 CMakeFiles/demo1.elf.dir/Core/Src/stm32f4xx_it.c.obj
                0x080020e6                SVC_Handler
 .text.DebugMon_Handler
                0x080020e8        0x2 CMakeFiles/demo1.elf.dir/Core/Src/stm32f4xx_it.c.obj
                0x080020e8                DebugMon_Handler
 .text.PendSV_Handler
                0x080020ea        0x2 CMakeFiles/demo1.elf.dir/Core/Src/stm32f4xx_it.c.obj
                0x080020ea                PendSV_Handler
 .text.SysTick_Handler
                0x080020ec        0x8 CMakeFiles/demo1.elf.dir/Core/Src/stm32f4xx_it.c.obj
                0x080020ec                SysTick_Handler
 .text.TIM3_IRQHandler
                0x080020f4       0x10 CMakeFiles/demo1.elf.dir/Core/Src/stm32f4xx_it.c.obj
                0x080020f4                TIM3_IRQHandler
 .text.USART1_IRQHandler
                0x08002104       0x10 CMakeFiles/demo1.elf.dir/Core/Src/stm32f4xx_it.c.obj
                0x08002104                USART1_IRQHandler
 .text._getpid  0x08002114        0x4 CMakeFiles/demo1.elf.dir/Core/Src/syscalls.c.obj
                0x08002114                _getpid
 .text._kill    0x08002118       0x10 CMakeFiles/demo1.elf.dir/Core/Src/syscalls.c.obj
                0x08002118                _kill
 .text._exit    0x08002128        0xc CMakeFiles/demo1.elf.dir/Core/Src/syscalls.c.obj
                0x08002128                _exit
 .text._read    0x08002134       0x20 CMakeFiles/demo1.elf.dir/Core/Src/syscalls.c.obj
                0x08002134                _read
 .text._write   0x08002154       0x1c CMakeFiles/demo1.elf.dir/Core/Src/syscalls.c.obj
                0x08002154                _write
 .text._close   0x08002170        0x6 CMakeFiles/demo1.elf.dir/Core/Src/syscalls.c.obj
                0x08002170                _close
 .text._fstat   0x08002176        0xa CMakeFiles/demo1.elf.dir/Core/Src/syscalls.c.obj
                0x08002176                _fstat
 .text._isatty  0x08002180        0x4 CMakeFiles/demo1.elf.dir/Core/Src/syscalls.c.obj
                0x08002180                _isatty
 .text._lseek   0x08002184        0x4 CMakeFiles/demo1.elf.dir/Core/Src/syscalls.c.obj
                0x08002184                _lseek
 .text._sbrk    0x08002188       0x48 CMakeFiles/demo1.elf.dir/Core/Src/sysmem.c.obj
                0x08002188                _sbrk
 .text.SystemInit
                0x080021d0        0x2 CMakeFiles/demo1.elf.dir/Core/Src/system_stm32f4xx.c.obj
                0x080021d0                SystemInit
 *fill*         0x080021d2        0x2 
 .text.MX_TIM3_Init
                0x080021d4       0x70 CMakeFiles/demo1.elf.dir/Core/Src/tim.c.obj
                0x080021d4                MX_TIM3_Init
 .text.HAL_TIM_Base_MspInit
                0x08002244       0x40 CMakeFiles/demo1.elf.dir/Core/Src/tim.c.obj
                0x08002244                HAL_TIM_Base_MspInit
 .text.MX_USART1_UART_Init
                0x08002284       0x34 CMakeFiles/demo1.elf.dir/Core/Src/usart.c.obj
                0x08002284                MX_USART1_UART_Init
 .text.HAL_UART_MspInit
                0x080022b8       0x80 CMakeFiles/demo1.elf.dir/Core/Src/usart.c.obj
                0x080022b8                HAL_UART_MspInit
 .text.Reset_Handler
                0x08002338       0x50 CMakeFiles/demo1.elf.dir/Core/Startup/startup_stm32f407zgtx.s.obj
                0x08002338                Reset_Handler
 .text.Default_Handler
                0x08002388        0x2 CMakeFiles/demo1.elf.dir/Core/Startup/startup_stm32f407zgtx.s.obj
                0x08002388                RTC_Alarm_IRQHandler
                0x08002388                HASH_RNG_IRQHandler
                0x08002388                EXTI2_IRQHandler
                0x08002388                TIM8_CC_IRQHandler
                0x08002388                TIM1_CC_IRQHandler
                0x08002388                DMA2_Stream5_IRQHandler
                0x08002388                DMA1_Stream5_IRQHandler
                0x08002388                PVD_IRQHandler
                0x08002388                SDIO_IRQHandler
                0x08002388                TAMP_STAMP_IRQHandler
                0x08002388                CAN2_RX1_IRQHandler
                0x08002388                EXTI3_IRQHandler
                0x08002388                TIM8_TRG_COM_TIM14_IRQHandler
                0x08002388                TIM1_UP_TIM10_IRQHandler
                0x08002388                TIM8_UP_TIM13_IRQHandler
                0x08002388                I2C3_ER_IRQHandler
                0x08002388                EXTI0_IRQHandler
                0x08002388                I2C2_EV_IRQHandler
                0x08002388                DMA1_Stream2_IRQHandler
                0x08002388                CAN1_RX0_IRQHandler
                0x08002388                FPU_IRQHandler
                0x08002388                OTG_HS_WKUP_IRQHandler
                0x08002388                CAN2_SCE_IRQHandler
                0x08002388                DMA2_Stream2_IRQHandler
                0x08002388                SPI1_IRQHandler
                0x08002388                TIM6_DAC_IRQHandler
                0x08002388                TIM1_BRK_TIM9_IRQHandler
                0x08002388                DCMI_IRQHandler
                0x08002388                CAN2_RX0_IRQHandler
                0x08002388                DMA2_Stream3_IRQHandler
                0x08002388                USART6_IRQHandler
                0x08002388                USART3_IRQHandler
                0x08002388                CAN1_RX1_IRQHandler
                0x08002388                UART5_IRQHandler
                0x08002388                DMA2_Stream0_IRQHandler
                0x08002388                TIM4_IRQHandler
                0x08002388                I2C1_EV_IRQHandler
                0x08002388                DMA1_Stream6_IRQHandler
                0x08002388                DMA1_Stream1_IRQHandler
                0x08002388                UART4_IRQHandler
                0x08002388                RCC_IRQHandler
                0x08002388                TIM8_BRK_TIM12_IRQHandler
                0x08002388                Default_Handler
                0x08002388                EXTI15_10_IRQHandler
                0x08002388                ADC_IRQHandler
                0x08002388                DMA1_Stream7_IRQHandler
                0x08002388                TIM7_IRQHandler
                0x08002388                CAN2_TX_IRQHandler
                0x08002388                TIM5_IRQHandler
                0x08002388                DMA2_Stream7_IRQHandler
                0x08002388                I2C3_EV_IRQHandler
                0x08002388                EXTI9_5_IRQHandler
                0x08002388                RTC_WKUP_IRQHandler
                0x08002388                ETH_WKUP_IRQHandler
                0x08002388                SPI2_IRQHandler
                0x08002388                OTG_HS_EP1_IN_IRQHandler
                0x08002388                DMA1_Stream0_IRQHandler
                0x08002388                CAN1_TX_IRQHandler
                0x08002388                EXTI4_IRQHandler
                0x08002388                FSMC_IRQHandler
                0x08002388                ETH_IRQHandler
                0x08002388                OTG_HS_EP1_OUT_IRQHandler
                0x08002388                WWDG_IRQHandler
                0x08002388                TIM2_IRQHandler
                0x08002388                OTG_FS_WKUP_IRQHandler
                0x08002388                TIM1_TRG_COM_TIM11_IRQHandler
                0x08002388                OTG_HS_IRQHandler
                0x08002388                EXTI1_IRQHandler
                0x08002388                USART2_IRQHandler
                0x08002388                I2C2_ER_IRQHandler
                0x08002388                DMA2_Stream1_IRQHandler
                0x08002388                CAN1_SCE_IRQHandler
                0x08002388                FLASH_IRQHandler
                0x08002388                DMA2_Stream4_IRQHandler
                0x08002388                OTG_FS_IRQHandler
                0x08002388                SPI3_IRQHandler
                0x08002388                DMA1_Stream4_IRQHandler
                0x08002388                I2C1_ER_IRQHandler
                0x08002388                DMA2_Stream6_IRQHandler
                0x08002388                DMA1_Stream3_IRQHandler
 *fill*         0x0800238a        0x2 
 .text.Delay_us
                0x0800238c       0x60 CMakeFiles/demo1.elf.dir/Drivers/DHT11/dht11.c.obj
                0x0800238c                Delay_us
 .text.Dht11_DATA_OUT
                0x080023ec       0x30 CMakeFiles/demo1.elf.dir/Drivers/DHT11/dht11.c.obj
                0x080023ec                Dht11_DATA_OUT
 .text.Dht11_DATA_IN
                0x0800241c       0x2c CMakeFiles/demo1.elf.dir/Drivers/DHT11/dht11.c.obj
                0x0800241c                Dht11_DATA_IN
 .text.DHT11_Rst
                0x08002448       0x30 CMakeFiles/demo1.elf.dir/Drivers/DHT11/dht11.c.obj
                0x08002448                DHT11_Rst
 .text.DHT11_Check
                0x08002478       0x58 CMakeFiles/demo1.elf.dir/Drivers/DHT11/dht11.c.obj
                0x08002478                DHT11_Check
 .text.DHT11_Read_Bit
                0x080024d0       0x5c CMakeFiles/demo1.elf.dir/Drivers/DHT11/dht11.c.obj
                0x080024d0                DHT11_Read_Bit
 .text.DHT11_Read_Byte
                0x0800252c       0x1e CMakeFiles/demo1.elf.dir/Drivers/DHT11/dht11.c.obj
                0x0800252c                DHT11_Read_Byte
 .text.DHT11_Read_Data
                0x0800254a       0x5c CMakeFiles/demo1.elf.dir/Drivers/DHT11/dht11.c.obj
                0x0800254a                DHT11_Read_Data
 *fill*         0x080025a6        0x2 
 .text.KEY_Scan
                0x080025a8       0x98 CMakeFiles/demo1.elf.dir/Drivers/KEY/key.c.obj
                0x080025a8                KEY_Scan
 .text.Delay    0x08002640       0x16 CMakeFiles/demo1.elf.dir/Drivers/LCD/lcd.c.obj
 .text.NT35510_Delay
                0x08002656       0x16 CMakeFiles/demo1.elf.dir/Drivers/LCD/lcd.c.obj
 .text.NT35510_Write_Cmd
                0x0800266c        0x8 CMakeFiles/demo1.elf.dir/Drivers/LCD/lcd.c.obj
                0x0800266c                NT35510_Write_Cmd
 .text.NT35510_Write_Data
                0x08002674        0x8 CMakeFiles/demo1.elf.dir/Drivers/LCD/lcd.c.obj
                0x08002674                NT35510_Write_Data
 .text.NT35510_REG_Config
                0x0800267c     0x15c4 CMakeFiles/demo1.elf.dir/Drivers/LCD/lcd.c.obj
 .text.NT35510_BackLed_Control
                0x08003c40       0x24 CMakeFiles/demo1.elf.dir/Drivers/LCD/lcd.c.obj
                0x08003c40                NT35510_BackLed_Control
 .text.NT35510_Rst
                0x08003c64       0x34 CMakeFiles/demo1.elf.dir/Drivers/LCD/lcd.c.obj
                0x08003c64                NT35510_Rst
 .text.NT35510_GramScan
                0x08003c98       0xe4 CMakeFiles/demo1.elf.dir/Drivers/LCD/lcd.c.obj
                0x08003c98                NT35510_GramScan
 .text.NT35510_OpenWindow
                0x08003d7c       0x90 CMakeFiles/demo1.elf.dir/Drivers/LCD/lcd.c.obj
                0x08003d7c                NT35510_OpenWindow
 .text.NT35510_Clear
                0x08003e0c       0x30 CMakeFiles/demo1.elf.dir/Drivers/LCD/lcd.c.obj
                0x08003e0c                NT35510_Clear
 .text.NT35510_Init
                0x08003e3c       0x38 CMakeFiles/demo1.elf.dir/Drivers/LCD/lcd.c.obj
                0x08003e3c                NT35510_Init
 .text.NT35510_DispChar_EN
                0x08003e74       0x80 CMakeFiles/demo1.elf.dir/Drivers/LCD/lcd.c.obj
                0x08003e74                NT35510_DispChar_EN
 .text.NT35510_DispStringLine_EN
                0x08003ef4       0x5c CMakeFiles/demo1.elf.dir/Drivers/LCD/lcd.c.obj
                0x08003ef4                NT35510_DispStringLine_EN
 .text.LCD_SetFont
                0x08003f50        0xc CMakeFiles/demo1.elf.dir/Drivers/LCD/lcd.c.obj
                0x08003f50                LCD_SetFont
 .text.LCD_GetFont
                0x08003f5c        0xc CMakeFiles/demo1.elf.dir/Drivers/LCD/lcd.c.obj
                0x08003f5c                LCD_GetFont
 .text.LCD_SetColors
                0x08003f68       0x14 CMakeFiles/demo1.elf.dir/Drivers/LCD/lcd.c.obj
                0x08003f68                LCD_SetColors
 .text.LCD_SetTextColor
                0x08003f7c        0xc CMakeFiles/demo1.elf.dir/Drivers/LCD/lcd.c.obj
                0x08003f7c                LCD_SetTextColor
 .text.NT35510_ClearLine
                0x08003f88       0x20 CMakeFiles/demo1.elf.dir/Drivers/LCD/lcd.c.obj
                0x08003f88                NT35510_ClearLine
 .text.LED_R_ON
                0x08003fa8       0x14 CMakeFiles/demo1.elf.dir/Drivers/LED/led.c.obj
                0x08003fa8                LED_R_ON
 .text.LED_G_ON
                0x08003fbc       0x14 CMakeFiles/demo1.elf.dir/Drivers/LED/led.c.obj
                0x08003fbc                LED_G_ON
 .text.LED_R_OFF
                0x08003fd0       0x14 CMakeFiles/demo1.elf.dir/Drivers/LED/led.c.obj
                0x08003fd0                LED_R_OFF
 .text.LED_G_OFF
                0x08003fe4       0x14 CMakeFiles/demo1.elf.dir/Drivers/LED/led.c.obj
                0x08003fe4                LED_G_OFF
 .text.LED_B_OFF
                0x08003ff8       0x14 CMakeFiles/demo1.elf.dir/Drivers/LED/led.c.obj
                0x08003ff8                LED_B_OFF
 .text.get_accel_prod_shift
                0x0800400c       0xc4 CMakeFiles/demo1.elf.dir/Drivers/MPU6050/eMPL/inv_mpu.c.obj
 .text.accel_self_test
                0x080040d0       0xa8 CMakeFiles/demo1.elf.dir/Drivers/MPU6050/eMPL/inv_mpu.c.obj
 .text.gyro_self_test
                0x08004178      0x100 CMakeFiles/demo1.elf.dir/Drivers/MPU6050/eMPL/inv_mpu.c.obj
 .text.set_int_enable
                0x08004278       0x98 CMakeFiles/demo1.elf.dir/Drivers/MPU6050/eMPL/inv_mpu.c.obj
 .text.get_st_biases
                0x08004310      0x428 CMakeFiles/demo1.elf.dir/Drivers/MPU6050/eMPL/inv_mpu.c.obj
 .text.mpu_reset_fifo
                0x08004738      0x1f8 CMakeFiles/demo1.elf.dir/Drivers/MPU6050/eMPL/inv_mpu.c.obj
                0x08004738                mpu_reset_fifo
 .text.mpu_get_gyro_fsr
                0x08004930       0x3c CMakeFiles/demo1.elf.dir/Drivers/MPU6050/eMPL/inv_mpu.c.obj
                0x08004930                mpu_get_gyro_fsr
 .text.mpu_set_gyro_fsr
                0x0800496c       0x98 CMakeFiles/demo1.elf.dir/Drivers/MPU6050/eMPL/inv_mpu.c.obj
                0x0800496c                mpu_set_gyro_fsr
 .text.mpu_get_accel_fsr
                0x08004a04       0x44 CMakeFiles/demo1.elf.dir/Drivers/MPU6050/eMPL/inv_mpu.c.obj
                0x08004a04                mpu_get_accel_fsr
 .text.mpu_set_accel_fsr
                0x08004a48       0x94 CMakeFiles/demo1.elf.dir/Drivers/MPU6050/eMPL/inv_mpu.c.obj
                0x08004a48                mpu_set_accel_fsr
 .text.mpu_get_lpf
                0x08004adc       0x44 CMakeFiles/demo1.elf.dir/Drivers/MPU6050/eMPL/inv_mpu.c.obj
                0x08004adc                mpu_get_lpf
 .text.mpu_set_lpf
                0x08004b20       0x94 CMakeFiles/demo1.elf.dir/Drivers/MPU6050/eMPL/inv_mpu.c.obj
                0x08004b20                mpu_set_lpf
 .text.mpu_get_sample_rate
                0x08004bb4       0x1c CMakeFiles/demo1.elf.dir/Drivers/MPU6050/eMPL/inv_mpu.c.obj
                0x08004bb4                mpu_get_sample_rate
 .text.mpu_get_gyro_sens
                0x08004bd0       0x4c CMakeFiles/demo1.elf.dir/Drivers/MPU6050/eMPL/inv_mpu.c.obj
                0x08004bd0                mpu_get_gyro_sens
 .text.mpu_get_accel_sens
                0x08004c1c       0x4c CMakeFiles/demo1.elf.dir/Drivers/MPU6050/eMPL/inv_mpu.c.obj
                0x08004c1c                mpu_get_accel_sens
 .text.mpu_get_fifo_config
                0x08004c68       0x10 CMakeFiles/demo1.elf.dir/Drivers/MPU6050/eMPL/inv_mpu.c.obj
                0x08004c68                mpu_get_fifo_config
 .text.mpu_configure_fifo
                0x08004c78       0x64 CMakeFiles/demo1.elf.dir/Drivers/MPU6050/eMPL/inv_mpu.c.obj
                0x08004c78                mpu_configure_fifo
 .text.mpu_read_fifo_stream
                0x08004cdc       0xc0 CMakeFiles/demo1.elf.dir/Drivers/MPU6050/eMPL/inv_mpu.c.obj
                0x08004cdc                mpu_read_fifo_stream
 .text.mpu_set_bypass
                0x08004d9c      0x168 CMakeFiles/demo1.elf.dir/Drivers/MPU6050/eMPL/inv_mpu.c.obj
                0x08004d9c                mpu_set_bypass
 .text.mpu_set_int_latched
                0x08004f04       0x74 CMakeFiles/demo1.elf.dir/Drivers/MPU6050/eMPL/inv_mpu.c.obj
                0x08004f04                mpu_set_int_latched
 .text.mpu_lp_accel_mode
                0x08004f78       0xdc CMakeFiles/demo1.elf.dir/Drivers/MPU6050/eMPL/inv_mpu.c.obj
                0x08004f78                mpu_lp_accel_mode
 .text.mpu_set_sample_rate
                0x08005054       0xa0 CMakeFiles/demo1.elf.dir/Drivers/MPU6050/eMPL/inv_mpu.c.obj
                0x08005054                mpu_set_sample_rate
 .text.mpu_set_sensors
                0x080050f4       0xe4 CMakeFiles/demo1.elf.dir/Drivers/MPU6050/eMPL/inv_mpu.c.obj
                0x080050f4                mpu_set_sensors
 .text.mpu_init
                0x080051d8      0x1b8 CMakeFiles/demo1.elf.dir/Drivers/MPU6050/eMPL/inv_mpu.c.obj
                0x080051d8                mpu_init
 .text.mpu_write_mem
                0x08005390       0x74 CMakeFiles/demo1.elf.dir/Drivers/MPU6050/eMPL/inv_mpu.c.obj
                0x08005390                mpu_write_mem
 .text.mpu_read_mem
                0x08005404       0x74 CMakeFiles/demo1.elf.dir/Drivers/MPU6050/eMPL/inv_mpu.c.obj
                0x08005404                mpu_read_mem
 .text.mpu_load_firmware
                0x08005478       0xb4 CMakeFiles/demo1.elf.dir/Drivers/MPU6050/eMPL/inv_mpu.c.obj
                0x08005478                mpu_load_firmware
 .text.mpu_set_dmp_state
                0x0800552c       0x94 CMakeFiles/demo1.elf.dir/Drivers/MPU6050/eMPL/inv_mpu.c.obj
                0x0800552c                mpu_set_dmp_state
 .text.mpu_run_self_test
                0x080055c0      0x104 CMakeFiles/demo1.elf.dir/Drivers/MPU6050/eMPL/inv_mpu.c.obj
                0x080055c0                mpu_run_self_test
 .text.run_self_test
                0x080056c4       0x88 CMakeFiles/demo1.elf.dir/Drivers/MPU6050/eMPL/inv_mpu.c.obj
                0x080056c4                run_self_test
 .text.inv_row_2_scale
                0x0800574c       0x3a CMakeFiles/demo1.elf.dir/Drivers/MPU6050/eMPL/inv_mpu.c.obj
                0x0800574c                inv_row_2_scale
 .text.inv_orientation_matrix_to_scalar
                0x08005786       0x24 CMakeFiles/demo1.elf.dir/Drivers/MPU6050/eMPL/inv_mpu.c.obj
                0x08005786                inv_orientation_matrix_to_scalar
 .text.mget_ms  0x080057aa        0x2 CMakeFiles/demo1.elf.dir/Drivers/MPU6050/eMPL/inv_mpu.c.obj
                0x080057aa                mget_ms
 .text.mpu_dmp_init
                0x080057ac       0xa0 CMakeFiles/demo1.elf.dir/Drivers/MPU6050/eMPL/inv_mpu.c.obj
                0x080057ac                mpu_dmp_init
 *fill*         0x0800584c        0x4 
 .text.mpu_dmp_get_data
                0x08005850      0x1c8 CMakeFiles/demo1.elf.dir/Drivers/MPU6050/eMPL/inv_mpu.c.obj
                0x08005850                mpu_dmp_get_data
 .text.decode_gesture
                0x08005a18       0x3c CMakeFiles/demo1.elf.dir/Drivers/MPU6050/eMPL/inv_mpu_dmp_motion_driver.c.obj
 .text.dmp_load_motion_driver_firmware
                0x08005a54       0x18 CMakeFiles/demo1.elf.dir/Drivers/MPU6050/eMPL/inv_mpu_dmp_motion_driver.c.obj
                0x08005a54                dmp_load_motion_driver_firmware
 .text.dmp_set_orientation
                0x08005a6c      0x14c CMakeFiles/demo1.elf.dir/Drivers/MPU6050/eMPL/inv_mpu_dmp_motion_driver.c.obj
                0x08005a6c                dmp_set_orientation
 .text.dmp_set_gyro_bias
                0x08005bb8      0x110 CMakeFiles/demo1.elf.dir/Drivers/MPU6050/eMPL/inv_mpu_dmp_motion_driver.c.obj
                0x08005bb8                dmp_set_gyro_bias
 .text.dmp_set_accel_bias
                0x08005cc8       0xf4 CMakeFiles/demo1.elf.dir/Drivers/MPU6050/eMPL/inv_mpu_dmp_motion_driver.c.obj
                0x08005cc8                dmp_set_accel_bias
 .text.dmp_set_fifo_rate
                0x08005dbc       0x68 CMakeFiles/demo1.elf.dir/Drivers/MPU6050/eMPL/inv_mpu_dmp_motion_driver.c.obj
                0x08005dbc                dmp_set_fifo_rate
 .text.dmp_set_tap_thresh
                0x08005e24      0x1a0 CMakeFiles/demo1.elf.dir/Drivers/MPU6050/eMPL/inv_mpu_dmp_motion_driver.c.obj
                0x08005e24                dmp_set_tap_thresh
 .text.dmp_set_tap_axes
                0x08005fc4       0x4e CMakeFiles/demo1.elf.dir/Drivers/MPU6050/eMPL/inv_mpu_dmp_motion_driver.c.obj
                0x08005fc4                dmp_set_tap_axes
 .text.dmp_set_tap_count
                0x08006012       0x2c CMakeFiles/demo1.elf.dir/Drivers/MPU6050/eMPL/inv_mpu_dmp_motion_driver.c.obj
                0x08006012                dmp_set_tap_count
 *fill*         0x0800603e        0x2 
 .text.dmp_set_tap_time
                0x08006040       0x30 CMakeFiles/demo1.elf.dir/Drivers/MPU6050/eMPL/inv_mpu_dmp_motion_driver.c.obj
                0x08006040                dmp_set_tap_time
 .text.dmp_set_tap_time_multi
                0x08006070       0x30 CMakeFiles/demo1.elf.dir/Drivers/MPU6050/eMPL/inv_mpu_dmp_motion_driver.c.obj
                0x08006070                dmp_set_tap_time_multi
 .text.dmp_set_shake_reject_thresh
                0x080060a0       0x44 CMakeFiles/demo1.elf.dir/Drivers/MPU6050/eMPL/inv_mpu_dmp_motion_driver.c.obj
                0x080060a0                dmp_set_shake_reject_thresh
 .text.dmp_set_shake_reject_time
                0x080060e4       0x2c CMakeFiles/demo1.elf.dir/Drivers/MPU6050/eMPL/inv_mpu_dmp_motion_driver.c.obj
                0x080060e4                dmp_set_shake_reject_time
 .text.dmp_set_shake_reject_timeout
                0x08006110       0x2c CMakeFiles/demo1.elf.dir/Drivers/MPU6050/eMPL/inv_mpu_dmp_motion_driver.c.obj
                0x08006110                dmp_set_shake_reject_timeout
 .text.dmp_enable_gyro_cal
                0x0800613c       0x44 CMakeFiles/demo1.elf.dir/Drivers/MPU6050/eMPL/inv_mpu_dmp_motion_driver.c.obj
                0x0800613c                dmp_enable_gyro_cal
 .text.dmp_enable_lp_quat
                0x08006180       0x3c CMakeFiles/demo1.elf.dir/Drivers/MPU6050/eMPL/inv_mpu_dmp_motion_driver.c.obj
                0x08006180                dmp_enable_lp_quat
 .text.dmp_enable_6x_lp_quat
                0x080061bc       0x3c CMakeFiles/demo1.elf.dir/Drivers/MPU6050/eMPL/inv_mpu_dmp_motion_driver.c.obj
                0x080061bc                dmp_enable_6x_lp_quat
 .text.dmp_enable_feature
                0x080061f8      0x218 CMakeFiles/demo1.elf.dir/Drivers/MPU6050/eMPL/inv_mpu_dmp_motion_driver.c.obj
                0x080061f8                dmp_enable_feature
 .text.dmp_read_fifo
                0x08006410      0x1f4 CMakeFiles/demo1.elf.dir/Drivers/MPU6050/eMPL/inv_mpu_dmp_motion_driver.c.obj
                0x08006410                dmp_read_fifo
 .text.MPU_Write_Len
                0x08006604       0x28 CMakeFiles/demo1.elf.dir/Drivers/MPU6050/mpu6050.c.obj
                0x08006604                MPU_Write_Len
 .text.MPU_Read_Len
                0x0800662c       0x28 CMakeFiles/demo1.elf.dir/Drivers/MPU6050/mpu6050.c.obj
                0x0800662c                MPU_Read_Len
 .text.MPU_Get_Gyroscope
                0x08006654       0x46 CMakeFiles/demo1.elf.dir/Drivers/MPU6050/mpu6050.c.obj
                0x08006654                MPU_Get_Gyroscope
 .text.MPU_Get_Accelerometer
                0x0800669a       0x46 CMakeFiles/demo1.elf.dir/Drivers/MPU6050/mpu6050.c.obj
                0x0800669a                MPU_Get_Accelerometer
 .text.MPU_Write_Byte
                0x080066e0       0x30 CMakeFiles/demo1.elf.dir/Drivers/MPU6050/mpu6050.c.obj
                0x080066e0                MPU_Write_Byte
 .text.MPU_Set_Gyro_Fsr
                0x08006710       0x10 CMakeFiles/demo1.elf.dir/Drivers/MPU6050/mpu6050.c.obj
                0x08006710                MPU_Set_Gyro_Fsr
 .text.MPU_Set_Accel_Fsr
                0x08006720       0x10 CMakeFiles/demo1.elf.dir/Drivers/MPU6050/mpu6050.c.obj
                0x08006720                MPU_Set_Accel_Fsr
 .text.MPU_Set_LPF
                0x08006730       0x34 CMakeFiles/demo1.elf.dir/Drivers/MPU6050/mpu6050.c.obj
                0x08006730                MPU_Set_LPF
 .text.MPU_Set_Rate
                0x08006764       0x32 CMakeFiles/demo1.elf.dir/Drivers/MPU6050/mpu6050.c.obj
                0x08006764                MPU_Set_Rate
 *fill*         0x08006796        0x2 
 .text.MPU_Read_Byte
                0x08006798       0x30 CMakeFiles/demo1.elf.dir/Drivers/MPU6050/mpu6050.c.obj
                0x08006798                MPU_Read_Byte
 .text.MPU_Init
                0x080067c8       0x72 CMakeFiles/demo1.elf.dir/Drivers/MPU6050/mpu6050.c.obj
                0x080067c8                MPU_Init
 *fill*         0x0800683a        0x2 
 .text.HAL_InitTick
                0x0800683c       0x4c CMakeFiles/demo1.elf.dir/Drivers/STM32F4xx_HAL_Driver/Src/stm32f4xx_hal.c.obj
                0x0800683c                HAL_InitTick
 .text.HAL_Init
                0x08006888       0x34 CMakeFiles/demo1.elf.dir/Drivers/STM32F4xx_HAL_Driver/Src/stm32f4xx_hal.c.obj
                0x08006888                HAL_Init
 .text.HAL_IncTick
                0x080068bc       0x18 CMakeFiles/demo1.elf.dir/Drivers/STM32F4xx_HAL_Driver/Src/stm32f4xx_hal.c.obj
                0x080068bc                HAL_IncTick
 .text.HAL_GetTick
                0x080068d4        0xc CMakeFiles/demo1.elf.dir/Drivers/STM32F4xx_HAL_Driver/Src/stm32f4xx_hal.c.obj
                0x080068d4                HAL_GetTick
 .text.HAL_Delay
                0x080068e0       0x28 CMakeFiles/demo1.elf.dir/Drivers/STM32F4xx_HAL_Driver/Src/stm32f4xx_hal.c.obj
                0x080068e0                HAL_Delay
 .text.HAL_NVIC_SetPriorityGrouping
                0x08006908       0x24 CMakeFiles/demo1.elf.dir/Drivers/STM32F4xx_HAL_Driver/Src/stm32f4xx_hal_cortex.c.obj
                0x08006908                HAL_NVIC_SetPriorityGrouping
 .text.HAL_NVIC_SetPriority
                0x0800692c       0x70 CMakeFiles/demo1.elf.dir/Drivers/STM32F4xx_HAL_Driver/Src/stm32f4xx_hal_cortex.c.obj
                0x0800692c                HAL_NVIC_SetPriority
 .text.HAL_NVIC_EnableIRQ
                0x0800699c       0x1c CMakeFiles/demo1.elf.dir/Drivers/STM32F4xx_HAL_Driver/Src/stm32f4xx_hal_cortex.c.obj
                0x0800699c                HAL_NVIC_EnableIRQ
 .text.HAL_SYSTICK_Config
                0x080069b8       0x28 CMakeFiles/demo1.elf.dir/Drivers/STM32F4xx_HAL_Driver/Src/stm32f4xx_hal_cortex.c.obj
                0x080069b8                HAL_SYSTICK_Config
 .text.HAL_DMA_Abort
                0x080069e0       0x94 CMakeFiles/demo1.elf.dir/Drivers/STM32F4xx_HAL_Driver/Src/stm32f4xx_hal_dma.c.obj
                0x080069e0                HAL_DMA_Abort
 .text.HAL_DMA_Abort_IT
                0x08006a74       0x26 CMakeFiles/demo1.elf.dir/Drivers/STM32F4xx_HAL_Driver/Src/stm32f4xx_hal_dma.c.obj
                0x08006a74                HAL_DMA_Abort_IT
 *fill*         0x08006a9a        0x2 
 .text.HAL_GPIO_Init
                0x08006a9c      0x1e4 CMakeFiles/demo1.elf.dir/Drivers/STM32F4xx_HAL_Driver/Src/stm32f4xx_hal_gpio.c.obj
                0x08006a9c                HAL_GPIO_Init
 .text.HAL_GPIO_ReadPin
                0x08006c80        0xe CMakeFiles/demo1.elf.dir/Drivers/STM32F4xx_HAL_Driver/Src/stm32f4xx_hal_gpio.c.obj
                0x08006c80                HAL_GPIO_ReadPin
 .text.HAL_GPIO_WritePin
                0x08006c8e        0xc CMakeFiles/demo1.elf.dir/Drivers/STM32F4xx_HAL_Driver/Src/stm32f4xx_hal_gpio.c.obj
                0x08006c8e                HAL_GPIO_WritePin
 .text.I2C_IsAcknowledgeFailed
                0x08006c9a       0x32 CMakeFiles/demo1.elf.dir/Drivers/STM32F4xx_HAL_Driver/Src/stm32f4xx_hal_i2c.c.obj
 .text.I2C_WaitOnFlagUntilTimeout
                0x08006ccc       0x7c CMakeFiles/demo1.elf.dir/Drivers/STM32F4xx_HAL_Driver/Src/stm32f4xx_hal_i2c.c.obj
 .text.I2C_WaitOnMasterAddressFlagUntilTimeout
                0x08006d48       0xaa CMakeFiles/demo1.elf.dir/Drivers/STM32F4xx_HAL_Driver/Src/stm32f4xx_hal_i2c.c.obj
 .text.I2C_WaitOnTXEFlagUntilTimeout
                0x08006df2       0x54 CMakeFiles/demo1.elf.dir/Drivers/STM32F4xx_HAL_Driver/Src/stm32f4xx_hal_i2c.c.obj
 *fill*         0x08006e46        0x2 
 .text.I2C_RequestMemoryWrite
                0x08006e48       0xd8 CMakeFiles/demo1.elf.dir/Drivers/STM32F4xx_HAL_Driver/Src/stm32f4xx_hal_i2c.c.obj
 .text.I2C_RequestMemoryRead
                0x08006f20      0x154 CMakeFiles/demo1.elf.dir/Drivers/STM32F4xx_HAL_Driver/Src/stm32f4xx_hal_i2c.c.obj
 .text.I2C_WaitOnBTFFlagUntilTimeout
                0x08007074       0x54 CMakeFiles/demo1.elf.dir/Drivers/STM32F4xx_HAL_Driver/Src/stm32f4xx_hal_i2c.c.obj
 .text.I2C_WaitOnRXNEFlagUntilTimeout
                0x080070c8       0x6a CMakeFiles/demo1.elf.dir/Drivers/STM32F4xx_HAL_Driver/Src/stm32f4xx_hal_i2c.c.obj
 *fill*         0x08007132        0x2 
 .text.HAL_I2C_Init
                0x08007134      0x1bc CMakeFiles/demo1.elf.dir/Drivers/STM32F4xx_HAL_Driver/Src/stm32f4xx_hal_i2c.c.obj
                0x08007134                HAL_I2C_Init
 .text.HAL_I2C_Mem_Write
                0x080072f0      0x164 CMakeFiles/demo1.elf.dir/Drivers/STM32F4xx_HAL_Driver/Src/stm32f4xx_hal_i2c.c.obj
                0x080072f0                HAL_I2C_Mem_Write
 .text.HAL_I2C_Mem_Read
                0x08007454      0x2e4 CMakeFiles/demo1.elf.dir/Drivers/STM32F4xx_HAL_Driver/Src/stm32f4xx_hal_i2c.c.obj
                0x08007454                HAL_I2C_Mem_Read
 .text.HAL_RCC_OscConfig
                0x08007738      0x3f8 CMakeFiles/demo1.elf.dir/Drivers/STM32F4xx_HAL_Driver/Src/stm32f4xx_hal_rcc.c.obj
                0x08007738                HAL_RCC_OscConfig
 .text.HAL_RCC_GetSysClockFreq
                0x08007b30       0xa4 CMakeFiles/demo1.elf.dir/Drivers/STM32F4xx_HAL_Driver/Src/stm32f4xx_hal_rcc.c.obj
                0x08007b30                HAL_RCC_GetSysClockFreq
 .text.HAL_RCC_ClockConfig
                0x08007bd4      0x160 CMakeFiles/demo1.elf.dir/Drivers/STM32F4xx_HAL_Driver/Src/stm32f4xx_hal_rcc.c.obj
                0x08007bd4                HAL_RCC_ClockConfig
 .text.HAL_RCC_GetHCLKFreq
                0x08007d34        0xc CMakeFiles/demo1.elf.dir/Drivers/STM32F4xx_HAL_Driver/Src/stm32f4xx_hal_rcc.c.obj
                0x08007d34                HAL_RCC_GetHCLKFreq
 .text.HAL_RCC_GetPCLK1Freq
                0x08007d40       0x20 CMakeFiles/demo1.elf.dir/Drivers/STM32F4xx_HAL_Driver/Src/stm32f4xx_hal_rcc.c.obj
                0x08007d40                HAL_RCC_GetPCLK1Freq
 .text.HAL_RCC_GetPCLK2Freq
                0x08007d60       0x20 CMakeFiles/demo1.elf.dir/Drivers/STM32F4xx_HAL_Driver/Src/stm32f4xx_hal_rcc.c.obj
                0x08007d60                HAL_RCC_GetPCLK2Freq
 .text.HAL_SRAM_Init
                0x08007d80       0x58 CMakeFiles/demo1.elf.dir/Drivers/STM32F4xx_HAL_Driver/Src/stm32f4xx_hal_sram.c.obj
                0x08007d80                HAL_SRAM_Init
 .text.TIM_TI1_ConfigInputStage
                0x08007dd8       0x24 CMakeFiles/demo1.elf.dir/Drivers/STM32F4xx_HAL_Driver/Src/stm32f4xx_hal_tim.c.obj
 .text.TIM_TI2_ConfigInputStage
                0x08007dfc       0x26 CMakeFiles/demo1.elf.dir/Drivers/STM32F4xx_HAL_Driver/Src/stm32f4xx_hal_tim.c.obj
 .text.TIM_ITRx_SetConfig
                0x08007e22       0x10 CMakeFiles/demo1.elf.dir/Drivers/STM32F4xx_HAL_Driver/Src/stm32f4xx_hal_tim.c.obj
 .text.HAL_TIM_PeriodElapsedCallback
                0x08007e32        0x2 CMakeFiles/demo1.elf.dir/Drivers/STM32F4xx_HAL_Driver/Src/stm32f4xx_hal_tim.c.obj
                0x08007e32                HAL_TIM_PeriodElapsedCallback
 .text.HAL_TIM_OC_DelayElapsedCallback
                0x08007e34        0x2 CMakeFiles/demo1.elf.dir/Drivers/STM32F4xx_HAL_Driver/Src/stm32f4xx_hal_tim.c.obj
                0x08007e34                HAL_TIM_OC_DelayElapsedCallback
 .text.HAL_TIM_IC_CaptureCallback
                0x08007e36        0x2 CMakeFiles/demo1.elf.dir/Drivers/STM32F4xx_HAL_Driver/Src/stm32f4xx_hal_tim.c.obj
                0x08007e36                HAL_TIM_IC_CaptureCallback
 .text.HAL_TIM_PWM_PulseFinishedCallback
                0x08007e38        0x2 CMakeFiles/demo1.elf.dir/Drivers/STM32F4xx_HAL_Driver/Src/stm32f4xx_hal_tim.c.obj
                0x08007e38                HAL_TIM_PWM_PulseFinishedCallback
 .text.HAL_TIM_TriggerCallback
                0x08007e3a        0x2 CMakeFiles/demo1.elf.dir/Drivers/STM32F4xx_HAL_Driver/Src/stm32f4xx_hal_tim.c.obj
                0x08007e3a                HAL_TIM_TriggerCallback
 .text.HAL_TIM_IRQHandler
                0x08007e3c      0x17a CMakeFiles/demo1.elf.dir/Drivers/STM32F4xx_HAL_Driver/Src/stm32f4xx_hal_tim.c.obj
                0x08007e3c                HAL_TIM_IRQHandler
 *fill*         0x08007fb6        0x2 
 .text.TIM_Base_SetConfig
                0x08007fb8       0xc8 CMakeFiles/demo1.elf.dir/Drivers/STM32F4xx_HAL_Driver/Src/stm32f4xx_hal_tim.c.obj
                0x08007fb8                TIM_Base_SetConfig
 .text.HAL_TIM_Base_Init
                0x08008080       0x58 CMakeFiles/demo1.elf.dir/Drivers/STM32F4xx_HAL_Driver/Src/stm32f4xx_hal_tim.c.obj
                0x08008080                HAL_TIM_Base_Init
 .text.TIM_ETR_SetConfig
                0x080080d8       0x18 CMakeFiles/demo1.elf.dir/Drivers/STM32F4xx_HAL_Driver/Src/stm32f4xx_hal_tim.c.obj
                0x080080d8                TIM_ETR_SetConfig
 .text.HAL_TIM_ConfigClockSource
                0x080080f0       0xfe CMakeFiles/demo1.elf.dir/Drivers/STM32F4xx_HAL_Driver/Src/stm32f4xx_hal_tim.c.obj
                0x080080f0                HAL_TIM_ConfigClockSource
 *fill*         0x080081ee        0x2 
 .text.HAL_TIMEx_MasterConfigSynchronization
                0x080081f0       0x8c CMakeFiles/demo1.elf.dir/Drivers/STM32F4xx_HAL_Driver/Src/stm32f4xx_hal_tim_ex.c.obj
                0x080081f0                HAL_TIMEx_MasterConfigSynchronization
 .text.HAL_TIMEx_CommutCallback
                0x0800827c        0x2 CMakeFiles/demo1.elf.dir/Drivers/STM32F4xx_HAL_Driver/Src/stm32f4xx_hal_tim_ex.c.obj
                0x0800827c                HAL_TIMEx_CommutCallback
 .text.HAL_TIMEx_BreakCallback
                0x0800827e        0x2 CMakeFiles/demo1.elf.dir/Drivers/STM32F4xx_HAL_Driver/Src/stm32f4xx_hal_tim_ex.c.obj
                0x0800827e                HAL_TIMEx_BreakCallback
 .text.UART_EndRxTransfer
                0x08008280       0x5c CMakeFiles/demo1.elf.dir/Drivers/STM32F4xx_HAL_Driver/Src/stm32f4xx_hal_uart.c.obj
 .text.UART_Transmit_IT
                0x080082dc       0x60 CMakeFiles/demo1.elf.dir/Drivers/STM32F4xx_HAL_Driver/Src/stm32f4xx_hal_uart.c.obj
 .text.UART_SetConfig
                0x0800833c      0x110 CMakeFiles/demo1.elf.dir/Drivers/STM32F4xx_HAL_Driver/Src/stm32f4xx_hal_uart.c.obj
 .text.UART_WaitOnFlagUntilTimeout
                0x0800844c       0x88 CMakeFiles/demo1.elf.dir/Drivers/STM32F4xx_HAL_Driver/Src/stm32f4xx_hal_uart.c.obj
 .text.HAL_UART_Init
                0x080084d4       0x5e CMakeFiles/demo1.elf.dir/Drivers/STM32F4xx_HAL_Driver/Src/stm32f4xx_hal_uart.c.obj
                0x080084d4                HAL_UART_Init
 .text.HAL_UART_Transmit
                0x08008532       0xd8 CMakeFiles/demo1.elf.dir/Drivers/STM32F4xx_HAL_Driver/Src/stm32f4xx_hal_uart.c.obj
                0x08008532                HAL_UART_Transmit
 .text.HAL_UART_TxCpltCallback
                0x0800860a        0x2 CMakeFiles/demo1.elf.dir/Drivers/STM32F4xx_HAL_Driver/Src/stm32f4xx_hal_uart.c.obj
                0x0800860a                HAL_UART_TxCpltCallback
 .text.UART_EndTransmit_IT
                0x0800860c       0x1a CMakeFiles/demo1.elf.dir/Drivers/STM32F4xx_HAL_Driver/Src/stm32f4xx_hal_uart.c.obj
 .text.HAL_UART_RxCpltCallback
                0x08008626        0x2 CMakeFiles/demo1.elf.dir/Drivers/STM32F4xx_HAL_Driver/Src/stm32f4xx_hal_uart.c.obj
                0x08008626                HAL_UART_RxCpltCallback
 .text.HAL_UART_ErrorCallback
                0x08008628        0x2 CMakeFiles/demo1.elf.dir/Drivers/STM32F4xx_HAL_Driver/Src/stm32f4xx_hal_uart.c.obj
                0x08008628                HAL_UART_ErrorCallback
 .text.UART_DMAAbortOnError
                0x0800862a       0x10 CMakeFiles/demo1.elf.dir/Drivers/STM32F4xx_HAL_Driver/Src/stm32f4xx_hal_uart.c.obj
 .text.HAL_UARTEx_RxEventCallback
                0x0800863a        0x2 CMakeFiles/demo1.elf.dir/Drivers/STM32F4xx_HAL_Driver/Src/stm32f4xx_hal_uart.c.obj
                0x0800863a                HAL_UARTEx_RxEventCallback
 .text.UART_Receive_IT
                0x0800863c       0xe2 CMakeFiles/demo1.elf.dir/Drivers/STM32F4xx_HAL_Driver/Src/stm32f4xx_hal_uart.c.obj
 *fill*         0x0800871e        0x2 
 .text.HAL_UART_IRQHandler
                0x08008720      0x280 CMakeFiles/demo1.elf.dir/Drivers/STM32F4xx_HAL_Driver/Src/stm32f4xx_hal_uart.c.obj
                0x08008720                HAL_UART_IRQHandler
 .text.FSMC_NORSRAM_Init
                0x080089a0       0x68 CMakeFiles/demo1.elf.dir/Drivers/STM32F4xx_HAL_Driver/Src/stm32f4xx_ll_fsmc.c.obj
                0x080089a0                FSMC_NORSRAM_Init
 .text.FSMC_NORSRAM_Timing_Init
                0x08008a08       0x50 CMakeFiles/demo1.elf.dir/Drivers/STM32F4xx_HAL_Driver/Src/stm32f4xx_ll_fsmc.c.obj
                0x08008a08                FSMC_NORSRAM_Timing_Init
 .text.FSMC_NORSRAM_Extended_Timing_Init
                0x08008a58       0x44 CMakeFiles/demo1.elf.dir/Drivers/STM32F4xx_HAL_Driver/Src/stm32f4xx_ll_fsmc.c.obj
                0x08008a58                FSMC_NORSRAM_Extended_Timing_Init
 .text.__errno  0x08008a9c        0xc d:/clion_install/gcc/10 2021.10/bin/../lib/gcc/arm-none-eabi/10.3.1/../../../../arm-none-eabi/lib/thumb/v7e-m/nofp\libc.a(lib_a-errno.o)
                0x08008a9c                __errno
 .text.__libc_init_array
                0x08008aa8       0x48 d:/clion_install/gcc/10 2021.10/bin/../lib/gcc/arm-none-eabi/10.3.1/../../../../arm-none-eabi/lib/thumb/v7e-m/nofp\libc.a(lib_a-init.o)
                0x08008aa8                __libc_init_array
 .text.memcmp   0x08008af0       0x68 d:/clion_install/gcc/10 2021.10/bin/../lib/gcc/arm-none-eabi/10.3.1/../../../../arm-none-eabi/lib/thumb/v7e-m/nofp\libc.a(lib_a-memcmp.o)
                0x08008af0                memcmp
 .text.memset   0x08008b58       0xa4 d:/clion_install/gcc/10 2021.10/bin/../lib/gcc/arm-none-eabi/10.3.1/../../../../arm-none-eabi/lib/thumb/v7e-m/nofp\libc.a(lib_a-memset.o)
                0x08008b58                memset
 .text.printf   0x08008bfc       0x28 d:/clion_install/gcc/10 2021.10/bin/../lib/gcc/arm-none-eabi/10.3.1/../../../../arm-none-eabi/lib/thumb/v7e-m/nofp\libc.a(lib_a-printf.o)
                0x08008bfc                printf
 .text._puts_r  0x08008c24       0x9c d:/clion_install/gcc/10 2021.10/bin/../lib/gcc/arm-none-eabi/10.3.1/../../../../arm-none-eabi/lib/thumb/v7e-m/nofp\libc.a(lib_a-puts.o)
                0x08008c24                _puts_r
 .text.puts     0x08008cc0       0x10 d:/clion_install/gcc/10 2021.10/bin/../lib/gcc/arm-none-eabi/10.3.1/../../../../arm-none-eabi/lib/thumb/v7e-m/nofp\libc.a(lib_a-puts.o)
                0x08008cc0                puts
 .text.sprintf  0x08008cd0       0x40 d:/clion_install/gcc/10 2021.10/bin/../lib/gcc/arm-none-eabi/10.3.1/../../../../arm-none-eabi/lib/thumb/v7e-m/nofp\libc.a(lib_a-sprintf.o)
                0x08008cd0                sprintf
 .text._svfprintf_r
                0x08008d10     0x1a3c d:/clion_install/gcc/10 2021.10/bin/../lib/gcc/arm-none-eabi/10.3.1/../../../../arm-none-eabi/lib/thumb/v7e-m/nofp\libc.a(lib_a-svfprintf.o)
                0x08008d10                _svfprintf_r
 .text._vfprintf_r
                0x0800a74c     0x1ad4 d:/clion_install/gcc/10 2021.10/bin/../lib/gcc/arm-none-eabi/10.3.1/../../../../arm-none-eabi/lib/thumb/v7e-m/nofp\libc.a(lib_a-vfprintf.o)
                0x0800a74c                _vfprintf_r
 .text.__sbprintf
                0x0800c220       0x80 d:/clion_install/gcc/10 2021.10/bin/../lib/gcc/arm-none-eabi/10.3.1/../../../../arm-none-eabi/lib/thumb/v7e-m/nofp\libc.a(lib_a-vfprintf.o)
 .text.__swsetup_r
                0x0800c2a0       0xd4 d:/clion_install/gcc/10 2021.10/bin/../lib/gcc/arm-none-eabi/10.3.1/../../../../arm-none-eabi/lib/thumb/v7e-m/nofp\libc.a(lib_a-wsetup.o)
                0x0800c2a0                __swsetup_r
 .text.startup.register_fini
                0x0800c374       0x14 d:/clion_install/gcc/10 2021.10/bin/../lib/gcc/arm-none-eabi/10.3.1/../../../../arm-none-eabi/lib/thumb/v7e-m/nofp\libc.a(lib_a-__call_atexit.o)
 .text.atexit   0x0800c388        0xc d:/clion_install/gcc/10 2021.10/bin/../lib/gcc/arm-none-eabi/10.3.1/../../../../arm-none-eabi/lib/thumb/v7e-m/nofp\libc.a(lib_a-atexit.o)
                0x0800c388                atexit
 .text.quorem   0x0800c394      0x124 d:/clion_install/gcc/10 2021.10/bin/../lib/gcc/arm-none-eabi/10.3.1/../../../../arm-none-eabi/lib/thumb/v7e-m/nofp\libc.a(lib_a-dtoa.o)
 .text._dtoa_r  0x0800c4b8      0xec4 d:/clion_install/gcc/10 2021.10/bin/../lib/gcc/arm-none-eabi/10.3.1/../../../../arm-none-eabi/lib/thumb/v7e-m/nofp\libc.a(lib_a-dtoa.o)
                0x0800c4b8                _dtoa_r
 .text.__sflush_r
                0x0800d37c      0x120 d:/clion_install/gcc/10 2021.10/bin/../lib/gcc/arm-none-eabi/10.3.1/../../../../arm-none-eabi/lib/thumb/v7e-m/nofp\libc.a(lib_a-fflush.o)
                0x0800d37c                __sflush_r
 .text._fflush_r
                0x0800d49c       0x5c d:/clion_install/gcc/10 2021.10/bin/../lib/gcc/arm-none-eabi/10.3.1/../../../../arm-none-eabi/lib/thumb/v7e-m/nofp\libc.a(lib_a-fflush.o)
                0x0800d49c                _fflush_r
 .text._cleanup_r
                0x0800d4f8        0xc d:/clion_install/gcc/10 2021.10/bin/../lib/gcc/arm-none-eabi/10.3.1/../../../../arm-none-eabi/lib/thumb/v7e-m/nofp\libc.a(lib_a-findfp.o)
                0x0800d4f8                _cleanup_r
 .text.__sinit  0x0800d504      0x10c d:/clion_install/gcc/10 2021.10/bin/../lib/gcc/arm-none-eabi/10.3.1/../../../../arm-none-eabi/lib/thumb/v7e-m/nofp\libc.a(lib_a-findfp.o)
                0x0800d504                __sinit
 .text.__sfp_lock_acquire
                0x0800d610        0xc d:/clion_install/gcc/10 2021.10/bin/../lib/gcc/arm-none-eabi/10.3.1/../../../../arm-none-eabi/lib/thumb/v7e-m/nofp\libc.a(lib_a-findfp.o)
                0x0800d610                __sfp_lock_acquire
 .text.__sfp_lock_release
                0x0800d61c        0xc d:/clion_install/gcc/10 2021.10/bin/../lib/gcc/arm-none-eabi/10.3.1/../../../../arm-none-eabi/lib/thumb/v7e-m/nofp\libc.a(lib_a-findfp.o)
                0x0800d61c                __sfp_lock_release
 .text.__libc_fini_array
                0x0800d628       0x2c d:/clion_install/gcc/10 2021.10/bin/../lib/gcc/arm-none-eabi/10.3.1/../../../../arm-none-eabi/lib/thumb/v7e-m/nofp\libc.a(lib_a-fini.o)
                0x0800d628                __libc_fini_array
 .text._malloc_trim_r
                0x0800d654       0xa0 d:/clion_install/gcc/10 2021.10/bin/../lib/gcc/arm-none-eabi/10.3.1/../../../../arm-none-eabi/lib/thumb/v7e-m/nofp\libc.a(lib_a-freer.o)
                0x0800d654                _malloc_trim_r
 .text._free_r  0x0800d6f4      0x20c d:/clion_install/gcc/10 2021.10/bin/../lib/gcc/arm-none-eabi/10.3.1/../../../../arm-none-eabi/lib/thumb/v7e-m/nofp\libc.a(lib_a-freer.o)
                0x0800d6f4                _free_r
 .text.__sfvwrite_r
                0x0800d900      0x2e8 d:/clion_install/gcc/10 2021.10/bin/../lib/gcc/arm-none-eabi/10.3.1/../../../../arm-none-eabi/lib/thumb/v7e-m/nofp\libc.a(lib_a-fvwrite.o)
                0x0800d900                __sfvwrite_r
 .text._fwalk_reent
                0x0800dbe8       0x48 d:/clion_install/gcc/10 2021.10/bin/../lib/gcc/arm-none-eabi/10.3.1/../../../../arm-none-eabi/lib/thumb/v7e-m/nofp\libc.a(lib_a-fwalk.o)
                0x0800dbe8                _fwalk_reent
 .text._localeconv_r
                0x0800dc30        0x8 d:/clion_install/gcc/10 2021.10/bin/../lib/gcc/arm-none-eabi/10.3.1/../../../../arm-none-eabi/lib/thumb/v7e-m/nofp\libc.a(lib_a-localeconv.o)
                0x0800dc30                _localeconv_r
 .text.__retarget_lock_init_recursive
                0x0800dc38        0x4 d:/clion_install/gcc/10 2021.10/bin/../lib/gcc/arm-none-eabi/10.3.1/../../../../arm-none-eabi/lib/thumb/v7e-m/nofp\libc.a(lib_a-lock.o)
                0x0800dc38                __retarget_lock_init_recursive
 .text.__retarget_lock_close_recursive
                0x0800dc3c        0x4 d:/clion_install/gcc/10 2021.10/bin/../lib/gcc/arm-none-eabi/10.3.1/../../../../arm-none-eabi/lib/thumb/v7e-m/nofp\libc.a(lib_a-lock.o)
                0x0800dc3c                __retarget_lock_close_recursive
 .text.__retarget_lock_acquire_recursive
                0x0800dc40        0x4 d:/clion_install/gcc/10 2021.10/bin/../lib/gcc/arm-none-eabi/10.3.1/../../../../arm-none-eabi/lib/thumb/v7e-m/nofp\libc.a(lib_a-lock.o)
                0x0800dc40                __retarget_lock_acquire_recursive
 .text.__retarget_lock_release_recursive
                0x0800dc44        0x4 d:/clion_install/gcc/10 2021.10/bin/../lib/gcc/arm-none-eabi/10.3.1/../../../../arm-none-eabi/lib/thumb/v7e-m/nofp\libc.a(lib_a-lock.o)
                0x0800dc44                __retarget_lock_release_recursive
 .text.__smakebuf_r
                0x0800dc48       0xe0 d:/clion_install/gcc/10 2021.10/bin/../lib/gcc/arm-none-eabi/10.3.1/../../../../arm-none-eabi/lib/thumb/v7e-m/nofp\libc.a(lib_a-makebuf.o)
                0x0800dc48                __smakebuf_r
 .text._malloc_r
                0x0800dd28      0x560 d:/clion_install/gcc/10 2021.10/bin/../lib/gcc/arm-none-eabi/10.3.1/../../../../arm-none-eabi/lib/thumb/v7e-m/nofp\libc.a(lib_a-mallocr.o)
                0x0800dd28                _malloc_r
 .text.memmove  0x0800e288       0xf8 d:/clion_install/gcc/10 2021.10/bin/../lib/gcc/arm-none-eabi/10.3.1/../../../../arm-none-eabi/lib/thumb/v7e-m/nofp\libc.a(lib_a-memmove.o)
                0x0800e288                memmove
 .text.__malloc_lock
                0x0800e380        0xc d:/clion_install/gcc/10 2021.10/bin/../lib/gcc/arm-none-eabi/10.3.1/../../../../arm-none-eabi/lib/thumb/v7e-m/nofp\libc.a(lib_a-mlock.o)
                0x0800e380                __malloc_lock
 .text.__malloc_unlock
                0x0800e38c        0xc d:/clion_install/gcc/10 2021.10/bin/../lib/gcc/arm-none-eabi/10.3.1/../../../../arm-none-eabi/lib/thumb/v7e-m/nofp\libc.a(lib_a-mlock.o)
                0x0800e38c                __malloc_unlock
 .text._Balloc  0x0800e398       0x4c d:/clion_install/gcc/10 2021.10/bin/../lib/gcc/arm-none-eabi/10.3.1/../../../../arm-none-eabi/lib/thumb/v7e-m/nofp\libc.a(lib_a-mprec.o)
                0x0800e398                _Balloc
 .text._Bfree   0x0800e3e4       0x14 d:/clion_install/gcc/10 2021.10/bin/../lib/gcc/arm-none-eabi/10.3.1/../../../../arm-none-eabi/lib/thumb/v7e-m/nofp\libc.a(lib_a-mprec.o)
                0x0800e3e4                _Bfree
 .text.__multadd
                0x0800e3f8       0xa0 d:/clion_install/gcc/10 2021.10/bin/../lib/gcc/arm-none-eabi/10.3.1/../../../../arm-none-eabi/lib/thumb/v7e-m/nofp\libc.a(lib_a-mprec.o)
                0x0800e3f8                __multadd
 .text.__hi0bits
                0x0800e498       0x40 d:/clion_install/gcc/10 2021.10/bin/../lib/gcc/arm-none-eabi/10.3.1/../../../../arm-none-eabi/lib/thumb/v7e-m/nofp\libc.a(lib_a-mprec.o)
                0x0800e498                __hi0bits
 .text.__lo0bits
                0x0800e4d8       0x5c d:/clion_install/gcc/10 2021.10/bin/../lib/gcc/arm-none-eabi/10.3.1/../../../../arm-none-eabi/lib/thumb/v7e-m/nofp\libc.a(lib_a-mprec.o)
                0x0800e4d8                __lo0bits
 .text.__i2b    0x0800e534       0x5c d:/clion_install/gcc/10 2021.10/bin/../lib/gcc/arm-none-eabi/10.3.1/../../../../arm-none-eabi/lib/thumb/v7e-m/nofp\libc.a(lib_a-mprec.o)
                0x0800e534                __i2b
 .text.__multiply
                0x0800e590      0x15c d:/clion_install/gcc/10 2021.10/bin/../lib/gcc/arm-none-eabi/10.3.1/../../../../arm-none-eabi/lib/thumb/v7e-m/nofp\libc.a(lib_a-mprec.o)
                0x0800e590                __multiply
 .text.__pow5mult
                0x0800e6ec       0xc0 d:/clion_install/gcc/10 2021.10/bin/../lib/gcc/arm-none-eabi/10.3.1/../../../../arm-none-eabi/lib/thumb/v7e-m/nofp\libc.a(lib_a-mprec.o)
                0x0800e6ec                __pow5mult
 .text.__lshift
                0x0800e7ac       0xf0 d:/clion_install/gcc/10 2021.10/bin/../lib/gcc/arm-none-eabi/10.3.1/../../../../arm-none-eabi/lib/thumb/v7e-m/nofp\libc.a(lib_a-mprec.o)
                0x0800e7ac                __lshift
 .text.__mcmp   0x0800e89c       0x40 d:/clion_install/gcc/10 2021.10/bin/../lib/gcc/arm-none-eabi/10.3.1/../../../../arm-none-eabi/lib/thumb/v7e-m/nofp\libc.a(lib_a-mprec.o)
                0x0800e89c                __mcmp
 .text.__mdiff  0x0800e8dc      0x14c d:/clion_install/gcc/10 2021.10/bin/../lib/gcc/arm-none-eabi/10.3.1/../../../../arm-none-eabi/lib/thumb/v7e-m/nofp\libc.a(lib_a-mprec.o)
                0x0800e8dc                __mdiff
 .text.__d2b    0x0800ea28       0xc4 d:/clion_install/gcc/10 2021.10/bin/../lib/gcc/arm-none-eabi/10.3.1/../../../../arm-none-eabi/lib/thumb/v7e-m/nofp\libc.a(lib_a-mprec.o)
                0x0800ea28                __d2b
 .text._realloc_r
                0x0800eaec      0x3d8 d:/clion_install/gcc/10 2021.10/bin/../lib/gcc/arm-none-eabi/10.3.1/../../../../arm-none-eabi/lib/thumb/v7e-m/nofp\libc.a(lib_a-reallocr.o)
                0x0800eaec                _realloc_r
 .text.frexp    0x0800eec4       0x70 d:/clion_install/gcc/10 2021.10/bin/../lib/gcc/arm-none-eabi/10.3.1/../../../../arm-none-eabi/lib/thumb/v7e-m/nofp\libc.a(lib_a-s_frexp.o)
                0x0800eec4                frexp
 .text._sbrk_r  0x0800ef34       0x24 d:/clion_install/gcc/10 2021.10/bin/../lib/gcc/arm-none-eabi/10.3.1/../../../../arm-none-eabi/lib/thumb/v7e-m/nofp\libc.a(lib_a-sbrkr.o)
                0x0800ef34                _sbrk_r
 .text.__sread  0x0800ef58       0x24 d:/clion_install/gcc/10 2021.10/bin/../lib/gcc/arm-none-eabi/10.3.1/../../../../arm-none-eabi/lib/thumb/v7e-m/nofp\libc.a(lib_a-stdio.o)
                0x0800ef58                __sread
 .text.__swrite
                0x0800ef7c       0x40 d:/clion_install/gcc/10 2021.10/bin/../lib/gcc/arm-none-eabi/10.3.1/../../../../arm-none-eabi/lib/thumb/v7e-m/nofp\libc.a(lib_a-stdio.o)
                0x0800ef7c                __swrite
 .text.__sseek  0x0800efbc       0x20 d:/clion_install/gcc/10 2021.10/bin/../lib/gcc/arm-none-eabi/10.3.1/../../../../arm-none-eabi/lib/thumb/v7e-m/nofp\libc.a(lib_a-stdio.o)
                0x0800efbc                __sseek
 .text.__sclose
                0x0800efdc        0x8 d:/clion_install/gcc/10 2021.10/bin/../lib/gcc/arm-none-eabi/10.3.1/../../../../arm-none-eabi/lib/thumb/v7e-m/nofp\libc.a(lib_a-stdio.o)
                0x0800efdc                __sclose
 .text.strncpy  0x0800efe4       0x64 d:/clion_install/gcc/10 2021.10/bin/../lib/gcc/arm-none-eabi/10.3.1/../../../../arm-none-eabi/lib/thumb/v7e-m/nofp\libc.a(lib_a-strncpy.o)
                0x0800efe4                strncpy
 .text.__ssprint_r
                0x0800f048       0xf8 d:/clion_install/gcc/10 2021.10/bin/../lib/gcc/arm-none-eabi/10.3.1/../../../../arm-none-eabi/lib/thumb/v7e-m/nofp\libc.a(lib_a-svfiprintf.o)
                0x0800f048                __ssprint_r
 .text.__sprint_r.part.0
                0x0800f140       0x78 d:/clion_install/gcc/10 2021.10/bin/../lib/gcc/arm-none-eabi/10.3.1/../../../../arm-none-eabi/lib/thumb/v7e-m/nofp\libc.a(lib_a-vfiprintf.o)
 .text.__sprint_r
                0x0800f1b8       0x14 d:/clion_install/gcc/10 2021.10/bin/../lib/gcc/arm-none-eabi/10.3.1/../../../../arm-none-eabi/lib/thumb/v7e-m/nofp\libc.a(lib_a-vfiprintf.o)
                0x0800f1b8                __sprint_r
 .text._vfiprintf_r
                0x0800f1cc      0xda0 d:/clion_install/gcc/10 2021.10/bin/../lib/gcc/arm-none-eabi/10.3.1/../../../../arm-none-eabi/lib/thumb/v7e-m/nofp\libc.a(lib_a-vfiprintf.o)
                0x0800f1cc                _vfiprintf_r
 .text.__sbprintf
                0x0800ff6c       0x80 d:/clion_install/gcc/10 2021.10/bin/../lib/gcc/arm-none-eabi/10.3.1/../../../../arm-none-eabi/lib/thumb/v7e-m/nofp\libc.a(lib_a-vfiprintf.o)
 .text._write_r
                0x0800ffec       0x2c d:/clion_install/gcc/10 2021.10/bin/../lib/gcc/arm-none-eabi/10.3.1/../../../../arm-none-eabi/lib/thumb/v7e-m/nofp\libc.a(lib_a-writer.o)
                0x0800ffec                _write_r
 .text.__register_exitproc
                0x08010018       0x8c d:/clion_install/gcc/10 2021.10/bin/../lib/gcc/arm-none-eabi/10.3.1/../../../../arm-none-eabi/lib/thumb/v7e-m/nofp\libc.a(lib_a-__atexit.o)
                0x08010018                __register_exitproc
 .text.__assert_func
                0x080100a4       0x40 d:/clion_install/gcc/10 2021.10/bin/../lib/gcc/arm-none-eabi/10.3.1/../../../../arm-none-eabi/lib/thumb/v7e-m/nofp\libc.a(lib_a-assert.o)
                0x080100a4                __assert_func
 .text._calloc_r
                0x080100e4       0x78 d:/clion_install/gcc/10 2021.10/bin/../lib/gcc/arm-none-eabi/10.3.1/../../../../arm-none-eabi/lib/thumb/v7e-m/nofp\libc.a(lib_a-callocr.o)
                0x080100e4                _calloc_r
 .text._close_r
                0x0801015c       0x24 d:/clion_install/gcc/10 2021.10/bin/../lib/gcc/arm-none-eabi/10.3.1/../../../../arm-none-eabi/lib/thumb/v7e-m/nofp\libc.a(lib_a-closer.o)
                0x0801015c                _close_r
 .text._fclose_r
                0x08010180       0xcc d:/clion_install/gcc/10 2021.10/bin/../lib/gcc/arm-none-eabi/10.3.1/../../../../arm-none-eabi/lib/thumb/v7e-m/nofp\libc.a(lib_a-fclose.o)
                0x08010180                _fclose_r
 .text.fiprintf
                0x0801024c       0x28 d:/clion_install/gcc/10 2021.10/bin/../lib/gcc/arm-none-eabi/10.3.1/../../../../arm-none-eabi/lib/thumb/v7e-m/nofp\libc.a(lib_a-fiprintf.o)
                0x0801024c                fiprintf
 .text.__fputwc
                0x08010274       0xa8 d:/clion_install/gcc/10 2021.10/bin/../lib/gcc/arm-none-eabi/10.3.1/../../../../arm-none-eabi/lib/thumb/v7e-m/nofp\libc.a(lib_a-fputwc.o)
                0x08010274                __fputwc
 .text._fputwc_r
                0x0801031c       0x68 d:/clion_install/gcc/10 2021.10/bin/../lib/gcc/arm-none-eabi/10.3.1/../../../../arm-none-eabi/lib/thumb/v7e-m/nofp\libc.a(lib_a-fputwc.o)
                0x0801031c                _fputwc_r
 .text._fstat_r
                0x08010384       0x2c d:/clion_install/gcc/10 2021.10/bin/../lib/gcc/arm-none-eabi/10.3.1/../../../../arm-none-eabi/lib/thumb/v7e-m/nofp\libc.a(lib_a-fstatr.o)
                0x08010384                _fstat_r
 .text._isatty_r
                0x080103b0       0x24 d:/clion_install/gcc/10 2021.10/bin/../lib/gcc/arm-none-eabi/10.3.1/../../../../arm-none-eabi/lib/thumb/v7e-m/nofp\libc.a(lib_a-isattyr.o)
                0x080103b0                _isatty_r
 .text.__locale_mb_cur_max
                0x080103d4        0xc d:/clion_install/gcc/10 2021.10/bin/../lib/gcc/arm-none-eabi/10.3.1/../../../../arm-none-eabi/lib/thumb/v7e-m/nofp\libc.a(lib_a-locale.o)
                0x080103d4                __locale_mb_cur_max
 .text._lseek_r
                0x080103e0       0x2c d:/clion_install/gcc/10 2021.10/bin/../lib/gcc/arm-none-eabi/10.3.1/../../../../arm-none-eabi/lib/thumb/v7e-m/nofp\libc.a(lib_a-lseekr.o)
                0x080103e0                _lseek_r
 .text.__ascii_mbtowc
                0x0801040c       0x2c d:/clion_install/gcc/10 2021.10/bin/../lib/gcc/arm-none-eabi/10.3.1/../../../../arm-none-eabi/lib/thumb/v7e-m/nofp\libc.a(lib_a-mbtowc_r.o)
                0x0801040c                __ascii_mbtowc
 .text._read_r  0x08010438       0x2c d:/clion_install/gcc/10 2021.10/bin/../lib/gcc/arm-none-eabi/10.3.1/../../../../arm-none-eabi/lib/thumb/v7e-m/nofp\libc.a(lib_a-readr.o)
                0x08010438                _read_r
 .text.__swbuf_r
                0x08010464       0xb0 d:/clion_install/gcc/10 2021.10/bin/../lib/gcc/arm-none-eabi/10.3.1/../../../../arm-none-eabi/lib/thumb/v7e-m/nofp\libc.a(lib_a-wbuf.o)
                0x08010464                __swbuf_r
 .text._wcrtomb_r
                0x08010514       0x3c d:/clion_install/gcc/10 2021.10/bin/../lib/gcc/arm-none-eabi/10.3.1/../../../../arm-none-eabi/lib/thumb/v7e-m/nofp\libc.a(lib_a-wcrtomb.o)
                0x08010514                _wcrtomb_r
 .text.__ascii_wctomb
                0x08010550       0x1c d:/clion_install/gcc/10 2021.10/bin/../lib/gcc/arm-none-eabi/10.3.1/../../../../arm-none-eabi/lib/thumb/v7e-m/nofp\libc.a(lib_a-wctomb_r.o)
                0x08010550                __ascii_wctomb
 .text.abort    0x0801056c       0x10 d:/clion_install/gcc/10 2021.10/bin/../lib/gcc/arm-none-eabi/10.3.1/../../../../arm-none-eabi/lib/thumb/v7e-m/nofp\libc.a(lib_a-abort.o)
                0x0801056c                abort
 .text.raise    0x0801057c       0x5c d:/clion_install/gcc/10 2021.10/bin/../lib/gcc/arm-none-eabi/10.3.1/../../../../arm-none-eabi/lib/thumb/v7e-m/nofp\libc.a(lib_a-signal.o)
                0x0801057c                raise
 .text._kill_r  0x080105d8       0x2c d:/clion_install/gcc/10 2021.10/bin/../lib/gcc/arm-none-eabi/10.3.1/../../../../arm-none-eabi/lib/thumb/v7e-m/nofp\libc.a(lib_a-signalr.o)
                0x080105d8                _kill_r
 .text._getpid_r
                0x08010604        0x4 d:/clion_install/gcc/10 2021.10/bin/../lib/gcc/arm-none-eabi/10.3.1/../../../../arm-none-eabi/lib/thumb/v7e-m/nofp\libc.a(lib_a-signalr.o)
                0x08010604                _getpid_r
 .text.asin     0x08010608       0x50 d:/clion_install/gcc/10 2021.10/bin/../lib/gcc/arm-none-eabi/10.3.1/../../../../arm-none-eabi/lib/thumb/v7e-m/nofp\libm.a(lib_a-w_asin.o)
                0x08010608                asin
 .text.atan2    0x08010658        0x4 d:/clion_install/gcc/10 2021.10/bin/../lib/gcc/arm-none-eabi/10.3.1/../../../../arm-none-eabi/lib/thumb/v7e-m/nofp\libm.a(lib_a-w_atan2.o)
                0x08010658                atan2
 *fill*         0x0801065c        0x4 
 .text.__ieee754_asin
                0x08010660      0x46c d:/clion_install/gcc/10 2021.10/bin/../lib/gcc/arm-none-eabi/10.3.1/../../../../arm-none-eabi/lib/thumb/v7e-m/nofp\libm.a(lib_a-e_asin.o)
                0x08010660                __ieee754_asin
 *fill*         0x08010acc        0x4 
 .text.__ieee754_atan2
                0x08010ad0      0x194 d:/clion_install/gcc/10 2021.10/bin/../lib/gcc/arm-none-eabi/10.3.1/../../../../arm-none-eabi/lib/thumb/v7e-m/nofp\libm.a(lib_a-e_atan2.o)
                0x08010ad0                __ieee754_atan2
 .text.__ieee754_sqrt
                0x08010c64      0x18c d:/clion_install/gcc/10 2021.10/bin/../lib/gcc/arm-none-eabi/10.3.1/../../../../arm-none-eabi/lib/thumb/v7e-m/nofp\libm.a(lib_a-e_sqrt.o)
                0x08010c64                __ieee754_sqrt
 .text.atan     0x08010df0      0x32c d:/clion_install/gcc/10 2021.10/bin/../lib/gcc/arm-none-eabi/10.3.1/../../../../arm-none-eabi/lib/thumb/v7e-m/nofp\libm.a(lib_a-s_atan.o)
                0x08010df0                atan
 .text.fabs     0x0801111c        0x8 d:/clion_install/gcc/10 2021.10/bin/../lib/gcc/arm-none-eabi/10.3.1/../../../../arm-none-eabi/lib/thumb/v7e-m/nofp\libm.a(lib_a-s_fabs.o)
                0x0801111c                fabs
 .text.nan      0x08011124        0xc d:/clion_install/gcc/10 2021.10/bin/../lib/gcc/arm-none-eabi/10.3.1/../../../../arm-none-eabi/lib/thumb/v7e-m/nofp\libm.a(lib_a-s_nan.o)
                0x08011124                nan
 *(.glue_7)
 .glue_7        0x08011130        0x0 linker stubs
 *(.glue_7t)
 .glue_7t       0x08011130        0x0 linker stubs
 *(.eh_frame)
 .eh_frame      0x08011130        0x0 d:/clion_install/gcc/10 2021.10/bin/../lib/gcc/arm-none-eabi/10.3.1/thumb/v7e-m/nofp/crtbegin.o
 *(.init)
 .init          0x08011130        0x4 d:/clion_install/gcc/10 2021.10/bin/../lib/gcc/arm-none-eabi/10.3.1/thumb/v7e-m/nofp/crti.o
                0x08011130                _init
 .init          0x08011134        0x8 d:/clion_install/gcc/10 2021.10/bin/../lib/gcc/arm-none-eabi/10.3.1/thumb/v7e-m/nofp/crtn.o
 *(.fini)
 .fini          0x0801113c        0x4 d:/clion_install/gcc/10 2021.10/bin/../lib/gcc/arm-none-eabi/10.3.1/thumb/v7e-m/nofp/crti.o
                0x0801113c                _fini
 .fini          0x08011140        0x8 d:/clion_install/gcc/10 2021.10/bin/../lib/gcc/arm-none-eabi/10.3.1/thumb/v7e-m/nofp/crtn.o
                0x08011148                . = ALIGN (0x4)
                0x08011148                _etext = .

.vfp11_veneer   0x08011148        0x0
 .vfp11_veneer  0x08011148        0x0 linker stubs

.v4_bx          0x08011148        0x0
 .v4_bx         0x08011148        0x0 linker stubs

.iplt           0x08011148        0x0
 .iplt          0x08011148        0x0 d:/clion_install/gcc/10 2021.10/bin/../lib/gcc/arm-none-eabi/10.3.1/thumb/v7e-m/nofp/crtbegin.o

.rodata         0x08011148     0x2c18
                0x08011148                . = ALIGN (0x4)
 *(.rodata)
 *(.rodata*)
 .rodata.LCD_Test.str1.4
                0x08011148       0x5b CMakeFiles/demo1.elf.dir/Core/Src/main.c.obj
 *fill*         0x080111a3        0x1 
 .rodata.main.str1.4
                0x080111a4      0x23d CMakeFiles/demo1.elf.dir/Core/Src/main.c.obj
                                0x24d (size before relaxing)
 *fill*         0x080113e1        0x3 
 .rodata.AHBPrescTable
                0x080113e4       0x10 CMakeFiles/demo1.elf.dir/Core/Src/system_stm32f4xx.c.obj
                0x080113e4                AHBPrescTable
 .rodata.APBPrescTable
                0x080113f4        0x8 CMakeFiles/demo1.elf.dir/Core/Src/system_stm32f4xx.c.obj
                0x080113f4                APBPrescTable
 .rodata.ASCII16x32_Table
                0x080113fc     0x17c0 CMakeFiles/demo1.elf.dir/Drivers/FONT/font.c.obj
                0x080113fc                ASCII16x32_Table
 .rodata.mpu_init.str1.4
                0x08012bbc       0x91 CMakeFiles/demo1.elf.dir/Drivers/MPU6050/eMPL/inv_mpu.c.obj
 *fill*         0x08012c4d        0x3 
 .rodata.hw     0x08012c50        0xc CMakeFiles/demo1.elf.dir/Drivers/MPU6050/eMPL/inv_mpu.c.obj
                0x08012c50                hw
 .rodata.reg    0x08012c5c       0x1b CMakeFiles/demo1.elf.dir/Drivers/MPU6050/eMPL/inv_mpu.c.obj
                0x08012c5c                reg
 *fill*         0x08012c77        0x1 
 .rodata.test   0x08012c78       0x28 CMakeFiles/demo1.elf.dir/Drivers/MPU6050/eMPL/inv_mpu.c.obj
                0x08012c78                test
 .rodata.dmp_set_orientation.str1.4
                0x08012ca0       0x10 CMakeFiles/demo1.elf.dir/Drivers/MPU6050/eMPL/inv_mpu_dmp_motion_driver.c.obj
 .rodata.dmp_set_fifo_rate.str1.4
                0x08012cb0        0xd CMakeFiles/demo1.elf.dir/Drivers/MPU6050/eMPL/inv_mpu_dmp_motion_driver.c.obj
 *fill*         0x08012cbd        0x3 
 .rodata.dmp_enable_gyro_cal.str1.4
                0x08012cc0       0x16 CMakeFiles/demo1.elf.dir/Drivers/MPU6050/eMPL/inv_mpu_dmp_motion_driver.c.obj
 *fill*         0x08012cd6        0x2 
 .rodata.dmp_memory
                0x08012cd8      0xbf6 CMakeFiles/demo1.elf.dir/Drivers/MPU6050/eMPL/inv_mpu_dmp_motion_driver.c.obj
 *fill*         0x080138ce        0x2 
 .rodata._global_impure_ptr
                0x080138d0        0x4 d:/clion_install/gcc/10 2021.10/bin/../lib/gcc/arm-none-eabi/10.3.1/../../../../arm-none-eabi/lib/thumb/v7e-m/nofp\libc.a(lib_a-impure.o)
                0x080138d0                _global_impure_ptr
 .rodata._puts_r.str1.4
                0x080138d4       0x16 d:/clion_install/gcc/10 2021.10/bin/../lib/gcc/arm-none-eabi/10.3.1/../../../../arm-none-eabi/lib/thumb/v7e-m/nofp\libc.a(lib_a-puts.o)
                                  0x2 (size before relaxing)
 .rodata._svfprintf_r.str1.4
                0x080138d4       0x42 d:/clion_install/gcc/10 2021.10/bin/../lib/gcc/arm-none-eabi/10.3.1/../../../../arm-none-eabi/lib/thumb/v7e-m/nofp\libc.a(lib_a-svfprintf.o)
 *fill*         0x08013916        0x2 
 .rodata.blanks.1
                0x08013918       0x10 d:/clion_install/gcc/10 2021.10/bin/../lib/gcc/arm-none-eabi/10.3.1/../../../../arm-none-eabi/lib/thumb/v7e-m/nofp\libc.a(lib_a-svfprintf.o)
 .rodata.zeroes.0
                0x08013928       0x10 d:/clion_install/gcc/10 2021.10/bin/../lib/gcc/arm-none-eabi/10.3.1/../../../../arm-none-eabi/lib/thumb/v7e-m/nofp\libc.a(lib_a-svfprintf.o)
 .rodata._vfprintf_r.str1.4
                0x08013938       0x42 d:/clion_install/gcc/10 2021.10/bin/../lib/gcc/arm-none-eabi/10.3.1/../../../../arm-none-eabi/lib/thumb/v7e-m/nofp\libc.a(lib_a-vfprintf.o)
 .rodata.blanks.1
                0x08013938       0x10 d:/clion_install/gcc/10 2021.10/bin/../lib/gcc/arm-none-eabi/10.3.1/../../../../arm-none-eabi/lib/thumb/v7e-m/nofp\libc.a(lib_a-vfprintf.o)
 .rodata.zeroes.0
                0x08013948       0x10 d:/clion_install/gcc/10 2021.10/bin/../lib/gcc/arm-none-eabi/10.3.1/../../../../arm-none-eabi/lib/thumb/v7e-m/nofp\libc.a(lib_a-vfprintf.o)
 .rodata._dtoa_r.str1.4
                0x08013958       0xa2 d:/clion_install/gcc/10 2021.10/bin/../lib/gcc/arm-none-eabi/10.3.1/../../../../arm-none-eabi/lib/thumb/v7e-m/nofp\libc.a(lib_a-dtoa.o)
                                 0xa6 (size before relaxing)
 *fill*         0x080139fa        0x2 
 .rodata.__multadd.str1.4
                0x080139fc       0x7f d:/clion_install/gcc/10 2021.10/bin/../lib/gcc/arm-none-eabi/10.3.1/../../../../arm-none-eabi/lib/thumb/v7e-m/nofp\libc.a(lib_a-mprec.o)
                                 0x93 (size before relaxing)
 *fill*         0x08013a7b        0x5 
 .rodata.__mprec_bigtens
                0x08013a80       0x28 d:/clion_install/gcc/10 2021.10/bin/../lib/gcc/arm-none-eabi/10.3.1/../../../../arm-none-eabi/lib/thumb/v7e-m/nofp\libc.a(lib_a-mprec.o)
                0x08013a80                __mprec_bigtens
 .rodata.__mprec_tens
                0x08013aa8       0xc8 d:/clion_install/gcc/10 2021.10/bin/../lib/gcc/arm-none-eabi/10.3.1/../../../../arm-none-eabi/lib/thumb/v7e-m/nofp\libc.a(lib_a-mprec.o)
                0x08013aa8                __mprec_tens
 .rodata.p05.0  0x08013b70        0xc d:/clion_install/gcc/10 2021.10/bin/../lib/gcc/arm-none-eabi/10.3.1/../../../../arm-none-eabi/lib/thumb/v7e-m/nofp\libc.a(lib_a-mprec.o)
 .rodata._vfiprintf_r.str1.4
                0x08013b7c       0x2f d:/clion_install/gcc/10 2021.10/bin/../lib/gcc/arm-none-eabi/10.3.1/../../../../arm-none-eabi/lib/thumb/v7e-m/nofp\libc.a(lib_a-vfiprintf.o)
 .rodata.blanks.1
                0x08013b7c       0x10 d:/clion_install/gcc/10 2021.10/bin/../lib/gcc/arm-none-eabi/10.3.1/../../../../arm-none-eabi/lib/thumb/v7e-m/nofp\libc.a(lib_a-vfiprintf.o)
 .rodata.zeroes.0
                0x08013b8c       0x10 d:/clion_install/gcc/10 2021.10/bin/../lib/gcc/arm-none-eabi/10.3.1/../../../../arm-none-eabi/lib/thumb/v7e-m/nofp\libc.a(lib_a-vfiprintf.o)
 .rodata.__assert_func.str1.4
                0x08013b9c       0x3f d:/clion_install/gcc/10 2021.10/bin/../lib/gcc/arm-none-eabi/10.3.1/../../../../arm-none-eabi/lib/thumb/v7e-m/nofp\libc.a(lib_a-assert.o)
                                 0x43 (size before relaxing)
 *fill*         0x08013bdb        0x1 
 .rodata._setlocale_r.str1.4
                0x08013bdc        0xa d:/clion_install/gcc/10 2021.10/bin/../lib/gcc/arm-none-eabi/10.3.1/../../../../arm-none-eabi/lib/thumb/v7e-m/nofp\libc.a(lib_a-locale.o)
                                  0xd (size before relaxing)
 *fill*         0x08013be6        0x2 
 .rodata.str1.4
                0x08013be8        0x2 d:/clion_install/gcc/10 2021.10/bin/../lib/gcc/arm-none-eabi/10.3.1/../../../../arm-none-eabi/lib/thumb/v7e-m/nofp\libc.a(lib_a-locale.o)
 *fill*         0x08013bea        0x2 
 .rodata._ctype_
                0x08013bec      0x101 d:/clion_install/gcc/10 2021.10/bin/../lib/gcc/arm-none-eabi/10.3.1/../../../../arm-none-eabi/lib/thumb/v7e-m/nofp\libc.a(lib_a-ctype_.o)
                0x08013bec                _ctype_
 .rodata.asin.str1.4
                0x08013ced        0x1 d:/clion_install/gcc/10 2021.10/bin/../lib/gcc/arm-none-eabi/10.3.1/../../../../arm-none-eabi/lib/thumb/v7e-m/nofp\libm.a(lib_a-w_asin.o)
 *fill*         0x08013ced        0x3 
 .rodata.CSWTCH.8
                0x08013cf0       0x18 d:/clion_install/gcc/10 2021.10/bin/../lib/gcc/arm-none-eabi/10.3.1/../../../../arm-none-eabi/lib/thumb/v7e-m/nofp\libm.a(lib_a-e_atan2.o)
 .rodata.CSWTCH.9
                0x08013d08       0x18 d:/clion_install/gcc/10 2021.10/bin/../lib/gcc/arm-none-eabi/10.3.1/../../../../arm-none-eabi/lib/thumb/v7e-m/nofp\libm.a(lib_a-e_atan2.o)
 .rodata.atanhi
                0x08013d20       0x20 d:/clion_install/gcc/10 2021.10/bin/../lib/gcc/arm-none-eabi/10.3.1/../../../../arm-none-eabi/lib/thumb/v7e-m/nofp\libm.a(lib_a-s_atan.o)
 .rodata.atanlo
                0x08013d40       0x20 d:/clion_install/gcc/10 2021.10/bin/../lib/gcc/arm-none-eabi/10.3.1/../../../../arm-none-eabi/lib/thumb/v7e-m/nofp\libm.a(lib_a-s_atan.o)
                0x08013d60                . = ALIGN (0x4)

.ARM.extab      0x08013d60        0x0
                0x08013d60                . = ALIGN (0x4)
 *(.ARM.extab* .gnu.linkonce.armextab.*)
                0x08013d60                . = ALIGN (0x4)

.ARM            0x08013d60        0x8
                0x08013d60                . = ALIGN (0x4)
                0x08013d60                __exidx_start = .
 *(.ARM.exidx*)
 .ARM.exidx     0x08013d60        0x8 d:/clion_install/gcc/10 2021.10/bin/../lib/gcc/arm-none-eabi/10.3.1/thumb/v7e-m/nofp\libgcc.a(_udivmoddi4.o)
                0x08013d68                __exidx_end = .
                0x08013d68                . = ALIGN (0x4)

.rel.dyn        0x08013d68        0x0
 .rel.iplt      0x08013d68        0x0 d:/clion_install/gcc/10 2021.10/bin/../lib/gcc/arm-none-eabi/10.3.1/thumb/v7e-m/nofp/crtbegin.o

.preinit_array  0x08013d68        0x0
                0x08013d68                . = ALIGN (0x4)
                0x08013d68                PROVIDE (__preinit_array_start = .)
 *(.preinit_array*)
                0x08013d68                PROVIDE (__preinit_array_end = .)
                0x08013d68                . = ALIGN (0x4)

.init_array     0x08013d68        0x8
                0x08013d68                . = ALIGN (0x4)
                0x08013d68                PROVIDE (__init_array_start = .)
 *(SORT_BY_NAME(.init_array.*))
 .init_array.00000
                0x08013d68        0x4 d:/clion_install/gcc/10 2021.10/bin/../lib/gcc/arm-none-eabi/10.3.1/../../../../arm-none-eabi/lib/thumb/v7e-m/nofp\libc.a(lib_a-__call_atexit.o)
 *(.init_array*)
 .init_array    0x08013d6c        0x4 d:/clion_install/gcc/10 2021.10/bin/../lib/gcc/arm-none-eabi/10.3.1/thumb/v7e-m/nofp/crtbegin.o
                0x08013d70                PROVIDE (__init_array_end = .)
                0x08013d70                . = ALIGN (0x4)

.fini_array     0x08013d70        0x4
                0x08013d70                . = ALIGN (0x4)
                0x08013d70                PROVIDE (__fini_array_start = .)
 *(SORT_BY_NAME(.fini_array.*))
 *(.fini_array*)
 .fini_array    0x08013d70        0x4 d:/clion_install/gcc/10 2021.10/bin/../lib/gcc/arm-none-eabi/10.3.1/thumb/v7e-m/nofp/crtbegin.o
                0x08013d74                PROVIDE (__fini_array_end = .)
                0x08013d74                . = ALIGN (0x4)
                0x08013d74                _sidata = LOADADDR (.data)

.data           0x20000000      0xa08 load address 0x08013d74
                0x20000000                . = ALIGN (0x4)
                0x20000000                _sdata = .
 *(.data)
 *(.data*)
 .data.SystemCoreClock
                0x20000000        0x4 CMakeFiles/demo1.elf.dir/Core/Src/system_stm32f4xx.c.obj
                0x20000000                SystemCoreClock
 .data.Font16x32
                0x20000004        0x8 CMakeFiles/demo1.elf.dir/Drivers/FONT/font.c.obj
                0x20000004                Font16x32
 .data.key_up.0
                0x2000000c        0x1 CMakeFiles/demo1.elf.dir/Drivers/KEY/key.c.obj
 *fill*         0x2000000d        0x1 
 .data.CurrentTextColor
                0x2000000e        0x2 CMakeFiles/demo1.elf.dir/Drivers/LCD/lcd.c.obj
 .data.LCD_Currentfonts
                0x20000010        0x4 CMakeFiles/demo1.elf.dir/Drivers/LCD/lcd.c.obj
 .data.LCD_SCAN_MODE
                0x20000014        0x1 CMakeFiles/demo1.elf.dir/Drivers/LCD/lcd.c.obj
                0x20000014                LCD_SCAN_MODE
 *fill*         0x20000015        0x1 
 .data.LCD_X_LENGTH
                0x20000016        0x2 CMakeFiles/demo1.elf.dir/Drivers/LCD/lcd.c.obj
                0x20000016                LCD_X_LENGTH
 .data.LCD_Y_LENGTH
                0x20000018        0x2 CMakeFiles/demo1.elf.dir/Drivers/LCD/lcd.c.obj
                0x20000018                LCD_Y_LENGTH
 *fill*         0x2000001a        0x2 
 .data.gyro_orientation
                0x2000001c        0x9 CMakeFiles/demo1.elf.dir/Drivers/MPU6050/eMPL/inv_mpu.c.obj
 *fill*         0x20000025        0x3 
 .data.st       0x20000028       0x2c CMakeFiles/demo1.elf.dir/Drivers/MPU6050/eMPL/inv_mpu.c.obj
 .data.uwTickFreq
                0x20000054        0x1 CMakeFiles/demo1.elf.dir/Drivers/STM32F4xx_HAL_Driver/Src/stm32f4xx_hal.c.obj
                0x20000054                uwTickFreq
 *fill*         0x20000055        0x3 
 .data.uwTickPrio
                0x20000058        0x4 CMakeFiles/demo1.elf.dir/Drivers/STM32F4xx_HAL_Driver/Src/stm32f4xx_hal.c.obj
                0x20000058                uwTickPrio
 .data._impure_ptr
                0x2000005c        0x4 d:/clion_install/gcc/10 2021.10/bin/../lib/gcc/arm-none-eabi/10.3.1/../../../../arm-none-eabi/lib/thumb/v7e-m/nofp\libc.a(lib_a-impure.o)
                0x2000005c                _impure_ptr
 .data.impure_data
                0x20000060      0x428 d:/clion_install/gcc/10 2021.10/bin/../lib/gcc/arm-none-eabi/10.3.1/../../../../arm-none-eabi/lib/thumb/v7e-m/nofp\libc.a(lib_a-impure.o)
 .data.__atexit_recursive_mutex
                0x20000488        0x4 d:/clion_install/gcc/10 2021.10/bin/../lib/gcc/arm-none-eabi/10.3.1/../../../../arm-none-eabi/lib/thumb/v7e-m/nofp\libc.a(lib_a-__call_atexit.o)
                0x20000488                __atexit_recursive_mutex
 .data.__malloc_av_
                0x2000048c      0x408 d:/clion_install/gcc/10 2021.10/bin/../lib/gcc/arm-none-eabi/10.3.1/../../../../arm-none-eabi/lib/thumb/v7e-m/nofp\libc.a(lib_a-mallocr.o)
                0x2000048c                __malloc_av_
 .data.__malloc_sbrk_base
                0x20000894        0x4 d:/clion_install/gcc/10 2021.10/bin/../lib/gcc/arm-none-eabi/10.3.1/../../../../arm-none-eabi/lib/thumb/v7e-m/nofp\libc.a(lib_a-mallocr.o)
                0x20000894                __malloc_sbrk_base
 .data.__malloc_trim_threshold
                0x20000898        0x4 d:/clion_install/gcc/10 2021.10/bin/../lib/gcc/arm-none-eabi/10.3.1/../../../../arm-none-eabi/lib/thumb/v7e-m/nofp\libc.a(lib_a-mallocr.o)
                0x20000898                __malloc_trim_threshold
 .data.__global_locale
                0x2000089c      0x16c d:/clion_install/gcc/10 2021.10/bin/../lib/gcc/arm-none-eabi/10.3.1/../../../../arm-none-eabi/lib/thumb/v7e-m/nofp\libc.a(lib_a-locale.o)
                0x2000089c                __global_locale
 *(.RamFunc)
 *(.RamFunc*)
                0x20000a08                . = ALIGN (0x4)
                0x20000a08                _edata = .
                0x0801477c                _siccmram = LOADADDR (.ccmram)

.igot.plt       0x20000a08        0x0 load address 0x0801477c
 .igot.plt      0x20000a08        0x0 d:/clion_install/gcc/10 2021.10/bin/../lib/gcc/arm-none-eabi/10.3.1/thumb/v7e-m/nofp/crtbegin.o

.ccmram         0x10000000        0x0 load address 0x0801477c
                0x10000000                . = ALIGN (0x4)
                0x10000000                _sccmram = .
 *(.ccmram)
 *(.ccmram*)
                0x10000000                . = ALIGN (0x4)
                0x10000000                _eccmram = .
                0x10000000                . = ALIGN (0x4)

.bss            0x20000a08      0x1b8
                0x20000a08                _sbss = .
                0x20000a08                __bss_start__ = _sbss
 *(.bss)
 .bss           0x20000a08       0x1c d:/clion_install/gcc/10 2021.10/bin/../lib/gcc/arm-none-eabi/10.3.1/thumb/v7e-m/nofp/crtbegin.o
 *(.bss*)
 .bss.FSMC_Initialized
                0x20000a24        0x4 CMakeFiles/demo1.elf.dir/Core/Src/fsmc.c.obj
 .bss.hsram1    0x20000a28       0x50 CMakeFiles/demo1.elf.dir/Core/Src/fsmc.c.obj
                0x20000a28                hsram1
 .bss.hi2c1     0x20000a78       0x54 CMakeFiles/demo1.elf.dir/Core/Src/i2c.c.obj
                0x20000a78                hi2c1
 .bss.testCNT.0
                0x20000acc        0x1 CMakeFiles/demo1.elf.dir/Core/Src/main.c.obj
 *fill*         0x20000acd        0x3 
 .bss.__sbrk_heap_end
                0x20000ad0        0x4 CMakeFiles/demo1.elf.dir/Core/Src/sysmem.c.obj
 .bss.htim3     0x20000ad4       0x48 CMakeFiles/demo1.elf.dir/Core/Src/tim.c.obj
                0x20000ad4                htim3
 .bss.huart1    0x20000b1c       0x44 CMakeFiles/demo1.elf.dir/Core/Src/usart.c.obj
                0x20000b1c                huart1
 .bss.CurrentBackColor
                0x20000b60        0x2 CMakeFiles/demo1.elf.dir/Drivers/LCD/lcd.c.obj
 *fill*         0x20000b62        0x2 
 .bss.dmp       0x20000b64       0x10 CMakeFiles/demo1.elf.dir/Drivers/MPU6050/eMPL/inv_mpu_dmp_motion_driver.c.obj
 .bss.uwTick    0x20000b74        0x4 CMakeFiles/demo1.elf.dir/Drivers/STM32F4xx_HAL_Driver/Src/stm32f4xx_hal.c.obj
                0x20000b74                uwTick
 .bss.__lock___atexit_recursive_mutex
                0x20000b78        0x1 d:/clion_install/gcc/10 2021.10/bin/../lib/gcc/arm-none-eabi/10.3.1/../../../../arm-none-eabi/lib/thumb/v7e-m/nofp\libc.a(lib_a-lock.o)
                0x20000b78                __lock___atexit_recursive_mutex
 *fill*         0x20000b79        0x3 
 .bss.__lock___malloc_recursive_mutex
                0x20000b7c        0x1 d:/clion_install/gcc/10 2021.10/bin/../lib/gcc/arm-none-eabi/10.3.1/../../../../arm-none-eabi/lib/thumb/v7e-m/nofp\libc.a(lib_a-lock.o)
                0x20000b7c                __lock___malloc_recursive_mutex
 *fill*         0x20000b7d        0x3 
 .bss.__lock___sfp_recursive_mutex
                0x20000b80        0x1 d:/clion_install/gcc/10 2021.10/bin/../lib/gcc/arm-none-eabi/10.3.1/../../../../arm-none-eabi/lib/thumb/v7e-m/nofp\libc.a(lib_a-lock.o)
                0x20000b80                __lock___sfp_recursive_mutex
 *fill*         0x20000b81        0x3 
 .bss.__lock___sinit_recursive_mutex